Archive member included to satisfy reference by file (symbol)

C:/MaximSDK/Libraries/PeriphDrivers/bin/MAX78000/spi-v1_softfp/libPeriphDriver_spi-v1_softfp.a(mxc_delay.o)
                              c:/Users/student1/eclipse-workspace/tut2017_final_jupyter/build/main.o (MXC_Delay)
C:/MaximSDK/Libraries/PeriphDrivers/bin/MAX78000/spi-v1_softfp/libPeriphDriver_spi-v1_softfp.a(nvic_table.o)
                              c:/Users/student1/eclipse-workspace/tut2017_final_jupyter/build/cnn.o (MXC_NVIC_SetVector)
C:/MaximSDK/Libraries/PeriphDrivers/bin/MAX78000/spi-v1_softfp/libPeriphDriver_spi-v1_softfp.a(pins_ai85.o)
                              c:/Users/student1/eclipse-workspace/tut2017_final_jupyter/build/camera.o (gpio_cfg_pcif_xclk)
C:/MaximSDK/Libraries/PeriphDrivers/bin/MAX78000/spi-v1_softfp/libPeriphDriver_spi-v1_softfp.a(sys_ai85.o)
                              c:/Users/student1/eclipse-workspace/tut2017_final_jupyter/build/cnn.o (MXC_SYS_ClockDisable)
C:/MaximSDK/Libraries/PeriphDrivers/bin/MAX78000/spi-v1_softfp/libPeriphDriver_spi-v1_softfp.a(aes_me17.o)
                              C:/MaximSDK/Libraries/PeriphDrivers/bin/MAX78000/spi-v1_softfp/libPeriphDriver_spi-v1_softfp.a(sys_ai85.o) (MXC_AES_Init)
C:/MaximSDK/Libraries/PeriphDrivers/bin/MAX78000/spi-v1_softfp/libPeriphDriver_spi-v1_softfp.a(aes_revb.o)
                              C:/MaximSDK/Libraries/PeriphDrivers/bin/MAX78000/spi-v1_softfp/libPeriphDriver_spi-v1_softfp.a(aes_me17.o) (MXC_AES_RevB_Init)
C:/MaximSDK/Libraries/PeriphDrivers/bin/MAX78000/spi-v1_softfp/libPeriphDriver_spi-v1_softfp.a(cameraif_ai85.o)
                              c:/Users/student1/eclipse-workspace/tut2017_final_jupyter/build/camera.o (MXC_PCIF_Init)
C:/MaximSDK/Libraries/PeriphDrivers/bin/MAX78000/spi-v1_softfp/libPeriphDriver_spi-v1_softfp.a(cameraif_reva.o)
                              C:/MaximSDK/Libraries/PeriphDrivers/bin/MAX78000/spi-v1_softfp/libPeriphDriver_spi-v1_softfp.a(cameraif_ai85.o) (MXC_PCIF_RevA_SetDatawidth)
C:/MaximSDK/Libraries/PeriphDrivers/bin/MAX78000/spi-v1_softfp/libPeriphDriver_spi-v1_softfp.a(dma_me17.o)
                              C:/MaximSDK/Libraries/PeriphDrivers/bin/MAX78000/spi-v1_softfp/libPeriphDriver_spi-v1_softfp.a(aes_revb.o) (MXC_DMA_Init)
C:/MaximSDK/Libraries/PeriphDrivers/bin/MAX78000/spi-v1_softfp/libPeriphDriver_spi-v1_softfp.a(dma_reva.o)
                              C:/MaximSDK/Libraries/PeriphDrivers/bin/MAX78000/spi-v1_softfp/libPeriphDriver_spi-v1_softfp.a(dma_me17.o) (MXC_DMA_RevA_Init)
C:/MaximSDK/Libraries/PeriphDrivers/bin/MAX78000/spi-v1_softfp/libPeriphDriver_spi-v1_softfp.a(flc_me17.o)
                              C:/MaximSDK/Libraries/PeriphDrivers/bin/MAX78000/spi-v1_softfp/libPeriphDriver_spi-v1_softfp.a(sys_ai85.o) (MXC_FLC_UnlockInfoBlock)
C:/MaximSDK/Libraries/PeriphDrivers/bin/MAX78000/spi-v1_softfp/libPeriphDriver_spi-v1_softfp.a(flc_reva.o)
                              C:/MaximSDK/Libraries/PeriphDrivers/bin/MAX78000/spi-v1_softfp/libPeriphDriver_spi-v1_softfp.a(flc_me17.o) (MXC_FLC_RevA_Busy)
C:/MaximSDK/Libraries/PeriphDrivers/bin/MAX78000/spi-v1_softfp/libPeriphDriver_spi-v1_softfp.a(gpio_ai85.o)
                              c:/Users/student1/eclipse-workspace/tut2017_final_jupyter/build/cnn.o (MXC_GPIO_Config)
C:/MaximSDK/Libraries/PeriphDrivers/bin/MAX78000/spi-v1_softfp/libPeriphDriver_spi-v1_softfp.a(gpio_reva.o)
                              C:/MaximSDK/Libraries/PeriphDrivers/bin/MAX78000/spi-v1_softfp/libPeriphDriver_spi-v1_softfp.a(gpio_ai85.o) (MXC_GPIO_RevA_InGet)
C:/MaximSDK/Libraries/PeriphDrivers/bin/MAX78000/spi-v1_softfp/libPeriphDriver_spi-v1_softfp.a(icc_me17.o)
                              c:/Users/student1/eclipse-workspace/tut2017_final_jupyter/build/main.o (MXC_ICC_Enable)
C:/MaximSDK/Libraries/PeriphDrivers/bin/MAX78000/spi-v1_softfp/libPeriphDriver_spi-v1_softfp.a(icc_reva.o)
                              C:/MaximSDK/Libraries/PeriphDrivers/bin/MAX78000/spi-v1_softfp/libPeriphDriver_spi-v1_softfp.a(icc_me17.o) (MXC_ICC_RevA_ID)
C:/MaximSDK/Libraries/PeriphDrivers/bin/MAX78000/spi-v1_softfp/libPeriphDriver_spi-v1_softfp.a(lp_ai85.o)
                              c:/Users/student1/eclipse-workspace/tut2017_final_jupyter/build/main.o (MXC_LP_EnterSleepMode)
C:/MaximSDK/Libraries/PeriphDrivers/bin/MAX78000/spi-v1_softfp/libPeriphDriver_spi-v1_softfp.a(pt_ai85.o)
                              c:/Users/student1/eclipse-workspace/tut2017_final_jupyter/build/camera.o (MXC_PT_Init)
C:/MaximSDK/Libraries/PeriphDrivers/bin/MAX78000/spi-v1_softfp/libPeriphDriver_spi-v1_softfp.a(pt_reva.o)
                              C:/MaximSDK/Libraries/PeriphDrivers/bin/MAX78000/spi-v1_softfp/libPeriphDriver_spi-v1_softfp.a(pt_ai85.o) (MXC_PT_RevA_Init)
C:/MaximSDK/Libraries/PeriphDrivers/bin/MAX78000/spi-v1_softfp/libPeriphDriver_spi-v1_softfp.a(spi_me17.o)
                              c:/Users/student1/eclipse-workspace/tut2017_final_jupyter/build/board.o (MXC_SPI_Init)
[...]
Memory Configuration

Name             Origin             Length             Attributes
ROM              0x00000000         0x00010000         xr
FLASH            0x10000000         0x00080000         xr
SRAM             0x20000000         0x00020000         xrw
*default*        0x00000000         0xffffffff

Linker script and memory map

LOAD c:/maximsdk/tools/gnutools/10.3/bin/../lib/gcc/arm-none-eabi/10.3.1/thumb/v7e-m+fp/softfp/crti.o
LOAD c:/maximsdk/tools/gnutools/10.3/bin/../lib/gcc/arm-none-eabi/10.3.1/thumb/v7e-m+fp/softfp/crtbegin.o
LOAD c:/maximsdk/tools/gnutools/10.3/bin/../lib/gcc/arm-none-eabi/10.3.1/../../../../arm-none-eabi/lib/thumb/v7e-m+fp/softfp/crt0.o
LOAD c:/Users/student1/eclipse-workspace/tut2017_final_jupyter/build/cnn.o
LOAD c:/Users/student1/eclipse-workspace/tut2017_final_jupyter/build/main.o
LOAD c:/Users/student1/eclipse-workspace/tut2017_final_jupyter/build/softmax.o
LOAD c:/Users/student1/eclipse-workspace/tut2017_final_jupyter/build/board.o
LOAD c:/Users/student1/eclipse-workspace/tut2017_final_jupyter/build/stdio.o
LOAD c:/Users/student1/eclipse-workspace/tut2017_final_jupyter/build/led.o
LOAD c:/Users/student1/eclipse-workspace/tut2017_final_jupyter/build/pb.o
LOAD c:/Users/student1/eclipse-workspace/tut2017_final_jupyter/build/tft_ssd2119.o
LOAD c:/Users/student1/eclipse-workspace/tut2017_final_jupyter/build/tsc2046.o
LOAD c:/Users/student1/eclipse-workspace/tut2017_final_jupyter/build/camera.o
LOAD c:/Users/student1/eclipse-workspace/tut2017_final_jupyter/build/ov7692.o
LOAD c:/Users/student1/eclipse-workspace/tut2017_final_jupyter/build/sccb.o
LOAD c:/Users/student1/eclipse-workspace/tut2017_final_jupyter/build/startup_max78000.o
LOAD c:/Users/student1/eclipse-workspace/tut2017_final_jupyter/build/heap.o
LOAD c:/Users/student1/eclipse-workspace/tut2017_final_jupyter/build/system_max78000.o
START GROUP
LOAD C:/MaximSDK/Libraries/PeriphDrivers/bin/MAX78000/spi-v1_softfp/libPeriphDriver_spi-v1_softfp.a
LOAD C:/MaximSDK/Libraries/CMSIS/5.9.0/DSP//1.16.2/Lib\libarm_cortexM4l_math.a
LOAD c:/maximsdk/tools/gnutools/10.3/bin/../lib/gcc/arm-none-eabi/10.3.1/../../../../arm-none-eabi/lib/thumb/v7e-m+fp/softfp\libc.a
LOAD c:/maximsdk/tools/gnutools/10.3/bin/../lib/gcc/arm-none-eabi/10.3.1/../../../../arm-none-eabi/lib/thumb/v7e-m+fp/softfp\libm.a
LOAD c:/maximsdk/tools/gnutools/10.3/bin/../lib/gcc/arm-none-eabi/10.3.1/../../../../arm-none-eabi/lib/thumb/v7e-m+fp/softfp\libnosys.a
END GROUP
START GROUP
LOAD c:/maximsdk/tools/gnutools/10.3/bin/../lib/gcc/arm-none-eabi/10.3.1/thumb/v7e-m+fp/softfp\libgcc.a
LOAD c:/maximsdk/tools/gnutools/10.3/bin/../lib/gcc/arm-none-eabi/10.3.1/../../../../arm-none-eabi/lib/thumb/v7e-m+fp/softfp\libc.a
END GROUP
LOAD c:/maximsdk/tools/gnutools/10.3/bin/../lib/gcc/arm-none-eabi/10.3.1/thumb/v7e-m+fp/softfp/crtend.o
LOAD c:/maximsdk/tools/gnutools/10.3/bin/../lib/gcc/arm-none-eabi/10.3.1/thumb/v7e-m+fp/softfp/crtn.o

.rom
 *(.rom_vector)
 *(.rom_handlers*)

.text           0x10000000    0x4d9d4
                0x10000000                _text = .
 *(.isr_vector)
 .isr_vector    0x10000000      0x1e0 c:/Users/student1/eclipse-workspace/tut2017_final_jupyter/build/startup_max78000.o
                0x10000000                __isr_vector
 EXCLUDE_FILE(*riscv.o) *(.text*)
 .text          0x100001e0       0x40 c:/maximsdk/tools/gnutools/10.3/bin/../lib/gcc/arm-none-eabi/10.3.1/thumb/v7e-m+fp/softfp/crtbegin.o
 .text.CNN_ISR  0x10000220       0x50 c:/Users/student1/eclipse-workspace/tut2017_final_jupyter/build/cnn.o
                0x10000220                CNN_ISR
 .text.memcpy32
                0x10000270       0x1c c:/Users/student1/eclipse-workspace/tut2017_final_jupyter/build/cnn.o
                0x10000270                memcpy32
 .text.cnn_load_weights
                0x1000028c       0x4c c:/Users/student1/eclipse-workspace/tut2017_final_jupyter/build/cnn.o
                0x1000028c                cnn_load_weights
 .text.cnn_load_bias
                0x100002d8       0x8c c:/Users/student1/eclipse-workspace/tut2017_final_jupyter/build/cnn.o
                0x100002d8                cnn_load_bias
 .text.cnn_init
                0x10000364       0x54 c:/Users/student1/eclipse-workspace/tut2017_final_jupyter/build/cnn.o
                0x10000364                cnn_init
 .text.cnn_configure
                0x100003b8      0x60c c:/Users/student1/eclipse-workspace/tut2017_final_jupyter/build/cnn.o
                0x100003b8                cnn_configure
 .text.cnn_start
                0x100009c4       0x54 c:/Users/student1/eclipse-workspace/tut2017_final_jupyter/build/cnn.o
                0x100009c4                cnn_start
 .text.cnn_unload
                0x10000a18       0x2c c:/Users/student1/eclipse-workspace/tut2017_final_jupyter/build/cnn.o
                0x10000a18                cnn_unload
 .text.cnn_enable
                0x10000a44       0x3c c:/Users/student1/eclipse-workspace/tut2017_final_jupyter/build/cnn.o
                0x10000a44                cnn_enable
 .text.load_input
                0x10000a80      0x158 c:/Users/student1/eclipse-workspace/tut2017_final_jupyter/build/main.o
                0x10000a80                load_input
 .text.startup.main
                0x10000bd8       0xec c:/Users/student1/eclipse-workspace/tut2017_final_jupyter/build/main.o
                0x10000bd8                main
 .text.softmax_q17p14_q15
                0x10000cc4       0xa8 c:/Users/student1/eclipse-workspace/tut2017_final_jupyter/build/softmax.o
                0x10000cc4                softmax_q17p14_q15
 .text.mxc_assert
                0x10000d6c       0x10 c:/Users/student1/eclipse-workspace/tut2017_final_jupyter/build/board.o
                0x10000d6c                mxc_assert
 .text.GPIO2_IRQHandler
                0x10000d7c        0x8 c:/Users/student1/eclipse-workspace/tut2017_final_jupyter/build/board.o
                0x10000d7c                GPIO2_IRQHandler
 .text.GPIO0_IRQHandler
                0x10000d84        0x8 c:/Users/student1/eclipse-workspace/tut2017_final_jupyter/build/board.o
                0x10000d84                GPIO0_IRQHandler
 .text.Board_Init
                0x10000d8c       0xec c:/Users/student1/eclipse-workspace/tut2017_final_jupyter/build/board.o
                0x10000d8c                Board_Init
 .text.NMI_Handler
                0x10000e78        0x4 c:/Users/student1/eclipse-workspace/tut2017_final_jupyter/build/board.o
                0x10000e78                NMI_Handler
 .text._close   0x10000e7c        0x8 c:/Users/student1/eclipse-workspace/tut2017_final_jupyter/build/stdio.o
                0x10000e7c                _close
 .text._isatty  0x10000e84        0x8 c:/Users/student1/eclipse-workspace/tut2017_final_jupyter/build/stdio.o
                0x10000e84                _isatty
 .text._lseek   0x10000e8c        0x8 c:/Users/student1/eclipse-workspace/tut2017_final_jupyter/build/stdio.o
                0x10000e8c                _lseek
 .text._fstat   0x10000e94        0x8 c:/Users/student1/eclipse-workspace/tut2017_final_jupyter/build/stdio.o
                0x10000e94                _fstat
 .text._read    0x10000e9c       0x50 c:/Users/student1/eclipse-workspace/tut2017_final_jupyter/build/stdio.o
                0x10000e9c                _read
 .text._write   0x10000eec       0x54 c:/Users/student1/eclipse-workspace/tut2017_final_jupyter/build/stdio.o
                0x10000eec                _write
 .text.LED_Init
                0x10000f40       0x40 c:/Users/student1/eclipse-workspace/tut2017_final_jupyter/build/led.o
                0x10000f40                LED_Init
 .text.LED_On   0x10000f80       0x40 c:/Users/student1/eclipse-workspace/tut2017_final_jupyter/build/led.o
                0x10000f80                LED_On
 .text.LED_Off  0x10000fc0       0x40 c:/Users/student1/eclipse-workspace/tut2017_final_jupyter/build/led.o
                0x10000fc0                LED_Off
 .text.PB_Init  0x10001000       0x68 c:/Users/student1/eclipse-workspace/tut2017_final_jupyter/build/pb.o
                0x10001000                PB_Init
 .text.MXC_TFT_PreInit
                0x10001068       0x78 c:/Users/student1/eclipse-workspace/tut2017_final_jupyter/build/tft_ssd2119.o
                0x10001068                MXC_TFT_PreInit
 .text.MXC_TS_PreInit
                0x100010e0       0x44 c:/Users/student1/eclipse-workspace/tut2017_final_jupyter/build/tsc2046.o
                0x100010e0                MXC_TS_PreInit
 .text          0x10001124      0x148 c:/Users/student1/eclipse-workspace/tut2017_final_jupyter/build/startup_max78000.o
                0x10001124                Reset_Handler
                0x10001162                HardFault_Handler
                0x10001164                MemManage_Handler
                0x10001166                BusFault_Handler
                0x10001168                UsageFault_Handler
                0x1000116a                SVC_Handler
                0x1000116c                DebugMon_Handler
                0x1000116e                PendSV_Handler
                0x10001170                SysTick_Handler
                0x10001172                Default_Handler
                0x10001174                PF_IRQHandler
                0x10001176                WDT0_IRQHandler
                0x10001178                RSV02_IRQHandler
                0x1000117a                RTC_IRQHandler
                0x1000117c                TRNG_IRQHandler
                0x1000117e                TMR0_IRQHandler
                0x10001180                TMR1_IRQHandler
                0x10001182                TMR2_IRQHandler
                0x10001184                TMR3_IRQHandler
                0x10001186                TMR4_IRQHandler
                0x10001188                TMR5_IRQHandler
                0x1000118a                RSV11_IRQHandler
                0x1000118c                RSV12_IRQHandler
                0x1000118e                I2C0_IRQHandler
                0x10001190                UART0_IRQHandler
                0x10001192                UART1_IRQHandler
                0x10001194                SPI1_IRQHandler
                0x10001196                RSV17_IRQHandler
                0x10001198                RSV18_IRQHandler
                0x1000119a                RSV19_IRQHandler
                0x1000119c                ADC_IRQHandler
                0x1000119e                RSV21_IRQHandler
                0x100011a0                RSV22_IRQHandler
                0x100011a2                FLC0_IRQHandler
                0x100011a6                GPIO1_IRQHandler
                0x100011aa                RSV27_IRQHandler
                0x100011ac                DMA0_IRQHandler
                0x100011ae                DMA1_IRQHandler
                0x100011b0                DMA2_IRQHandler
                0x100011b2                DMA3_IRQHandler
                0x100011b4                RSV32_IRQHandler
                0x100011b6                RSV33_IRQHandler
                0x100011b8                UART2_IRQHandler
                0x100011ba                RSV35_IRQHandler
                0x100011bc                I2C1_IRQHandler
                0x100011be                RSV37_IRQHandler
                0x100011c0                RSV38_IRQHandler
                0x100011c2                RSV39_IRQHandler
                0x100011c4                RSV40_IRQHandler
                0x100011c6                RSV41_IRQHandler
                0x100011c8                RSV42_IRQHandler
                0x100011ca                RSV43_IRQHandler
                0x100011cc                RSV44_IRQHandler
                0x100011ce                RSV45_IRQHandler
                0x100011d0                RSV46_IRQHandler
                0x100011d2                RSV47_IRQHandler
                0x100011d4                RSV48_IRQHandler
                0x100011d6                RSV49_IRQHandler
                0x100011d8                RSV50_IRQHandler
                0x100011da                RSV51_IRQHandler
                0x100011dc                RSV52_IRQHandler
                0x100011de                WUT_IRQHandler
                0x100011e0                GPIOWAKE_IRQHandler
                0x100011e2                RSV55_IRQHandler
                0x100011e4                SPI0_IRQHandler
                0x100011e6                WDT1_IRQHandler
                0x100011e8                RSV58_IRQHandler
                0x100011ea                PT_IRQHandler
                0x100011ec                RSV60_IRQHandler
                0x100011ee                RSV61_IRQHandler
                0x100011f0                I2C2_IRQHandler
                0x100011f2                RISCV_IRQHandler
                0x100011f4                RSV64_IRQHandler
                0x100011f6                RSV65_IRQHandler
                0x100011f8                RSV66_IRQHandler
                0x100011fa                OWM_IRQHandler
                0x100011fc                RSV68_IRQHandler
                0x100011fe                RSV69_IRQHandler
                0x10001200                RSV70_IRQHandler
                0x10001202                RSV71_IRQHandler
                0x10001204                RSV72_IRQHandler
                0x10001206                RSV73_IRQHandler
                0x10001208                RSV74_IRQHandler
                0x1000120a                RSV75_IRQHandler
                0x1000120c                RSV76_IRQHandler
                0x1000120e                RSV77_IRQHandler
                0x10001210                RSV78_IRQHandler
                0x10001212                RSV79_IRQHandler
                0x10001214                RSV80_IRQHandler
                0x10001216                RSV81_IRQHandler
                0x10001218                ECC_IRQHandler
                0x1000121a                DVS_IRQHandler
                0x1000121c                SIMO_IRQHandler
                0x1000121e                RSV85_IRQHandler
                0x10001220                RSV86_IRQHandler
                0x10001222                RSV87_IRQHandler
                0x10001224                UART3_IRQHandler
                0x10001226                RSV89_IRQHandler
                0x10001228                RSV90_IRQHandler
                0x1000122a                PCIF_IRQHandler
                0x1000122c                RSV92_IRQHandler
                0x1000122e                RSV93_IRQHandler
                0x10001230                RSV94_IRQHandler
                0x10001232                RSV95_IRQHandler
                0x10001234                RSV96_IRQHandler
                0x10001236                AES_IRQHandler
                0x10001238                RSV98_IRQHandler
                0x1000123a                I2S_IRQHandler
                0x1000123c                CNN_FIFO_IRQHandler
                0x1000123e                CNN_IRQHandler
                0x10001240                RSV102_IRQHandler
                0x10001242                LPCMP_IRQHandler
 .text._sbrk    0x1000126c       0x3c c:/Users/student1/eclipse-workspace/tut2017_final_jupyter/build/heap.o
                0x1000126c                _sbrk
 .text._getpid  0x100012a8        0x8 c:/Users/student1/eclipse-workspace/tut2017_final_jupyter/build/system_max78000.o
                0x100012a8                _getpid
 .text._kill    0x100012b0        0x8 c:/Users/student1/eclipse-workspace/tut2017_final_jupyter/build/system_max78000.o
                0x100012b0                _kill
 .text.SystemCoreClockUpdate
                0x100012b8       0x68 c:/Users/student1/eclipse-workspace/tut2017_final_jupyter/build/system_max78000.o
                0x100012b8                SystemCoreClockUpdate
 .text.PreInit  0x10001320        0x4 c:/Users/student1/eclipse-workspace/tut2017_final_jupyter/build/system_max78000.o
                0x10001320                PreInit
 .text.PinInit  0x10001324        0x4 c:/Users/student1/eclipse-workspace/tut2017_final_jupyter/build/system_max78000.o
                0x10001324                PinInit
 .text.SystemInit
                0x10001328       0x3c c:/Users/student1/eclipse-workspace/tut2017_final_jupyter/build/system_max78000.o
                0x10001328                SystemInit
 .text.MXC_DelayInit
                0x10001364       0x7c C:/MaximSDK/Libraries/PeriphDrivers/bin/MAX78000/spi-v1_softfp/libPeriphDriver_spi-v1_softfp.a(mxc_delay.o)
 .text.MXC_DelayAsync
                0x100013e0       0x3c C:/MaximSDK/Libraries/PeriphDrivers/bin/MAX78000/spi-v1_softfp/libPeriphDriver_spi-v1_softfp.a(mxc_delay.o)
                0x100013e0                MXC_DelayAsync
 .text.MXC_DelayCheck
                0x1000141c       0x70 C:/MaximSDK/Libraries/PeriphDrivers/bin/MAX78000/spi-v1_softfp/libPeriphDriver_spi-v1_softfp.a(mxc_delay.o)
                0x1000141c                MXC_DelayCheck
 .text.MXC_DelayAbort
                0x1000148c       0x34 C:/MaximSDK/Libraries/PeriphDrivers/bin/MAX78000/spi-v1_softfp/libPeriphDriver_spi-v1_softfp.a(mxc_delay.o)
                0x1000148c                MXC_DelayAbort
 .text.MXC_Delay
                0x100014c0       0x74 C:/MaximSDK/Libraries/PeriphDrivers/bin/MAX78000/spi-v1_softfp/libPeriphDriver_spi-v1_softfp.a(mxc_delay.o)
                0x100014c0                MXC_Delay
 .text.MXC_NVIC_SetVector
                0x10001534       0x50 C:/MaximSDK/Libraries/PeriphDrivers/bin/MAX78000/spi-v1_softfp/libPeriphDriver_spi-v1_softfp.a(nvic_table.o)
                0x10001534                MXC_NVIC_SetVector
 .text.MXC_SYS_ClockDisable
                0x10001584       0x44 C:/MaximSDK/Libraries/PeriphDrivers/bin/MAX78000/spi-v1_softfp/libPeriphDriver_spi-v1_softfp.a(sys_ai85.o)
                0x10001584                MXC_SYS_ClockDisable
 .text.MXC_SYS_ClockEnable
                0x100015c8       0x4c C:/MaximSDK/Libraries/PeriphDrivers/bin/MAX78000/spi-v1_softfp/libPeriphDriver_spi-v1_softfp.a(sys_ai85.o)
                0x100015c8                MXC_SYS_ClockEnable
 .text.MXC_SYS_ClockSourceEnable
                0x10001614       0xf4 C:/MaximSDK/Libraries/PeriphDrivers/bin/MAX78000/spi-v1_softfp/libPeriphDriver_spi-v1_softfp.a(sys_ai85.o)
                0x10001614                MXC_SYS_ClockSourceEnable
 .text.MXC_SYS_Clock_Select
                0x10001708      0x194 C:/MaximSDK/Libraries/PeriphDrivers/bin/MAX78000/spi-v1_softfp/libPeriphDriver_spi-v1_softfp.a(sys_ai85.o)
                0x10001708                MXC_SYS_Clock_Select
 .text.MXC_SYS_Reset_Periph
                0x1000189c       0x50 C:/MaximSDK/Libraries/PeriphDrivers/bin/MAX78000/spi-v1_softfp/libPeriphDriver_spi-v1_softfp.a(sys_ai85.o)
                0x1000189c                MXC_SYS_Reset_Periph
 .text.MXC_GPIO_Init
                0x100018ec       0x40 C:/MaximSDK/Libraries/PeriphDrivers/bin/MAX78000/spi-v1_softfp/libPeriphDriver_spi-v1_softfp.a(gpio_ai85.o)
                0x100018ec                MXC_GPIO_Init
 .text.MXC_GPIO_Config
                0x1000192c      0x234 C:/MaximSDK/Libraries/PeriphDrivers/bin/MAX78000/spi-v1_softfp/libPeriphDriver_spi-v1_softfp.a(gpio_ai85.o)
                0x1000192c                MXC_GPIO_Config
 .text.MXC_GPIO_OutSet
                0x10001b60       0x30 C:/MaximSDK/Libraries/PeriphDrivers/bin/MAX78000/spi-v1_softfp/libPeriphDriver_spi-v1_softfp.a(gpio_ai85.o)
                0x10001b60                MXC_GPIO_OutSet
 .text.MXC_GPIO_OutClr
                0x10001b90       0x34 C:/MaximSDK/Libraries/PeriphDrivers/bin/MAX78000/spi-v1_softfp/libPeriphDriver_spi-v1_softfp.a(gpio_ai85.o)
                0x10001b90                MXC_GPIO_OutClr
 .text.MXC_GPIO_Handler
                0x10001bc4        0x4 C:/MaximSDK/Libraries/PeriphDrivers/bin/MAX78000/spi-v1_softfp/libPeriphDriver_spi-v1_softfp.a(gpio_ai85.o)
                0x10001bc4                MXC_GPIO_Handler
 .text.MXC_GPIO_ClearFlags
                0x10001bc8       0x18 C:/MaximSDK/Libraries/PeriphDrivers/bin/MAX78000/spi-v1_softfp/libPeriphDriver_spi-v1_softfp.a(gpio_ai85.o)
                0x10001bc8                MXC_GPIO_ClearFlags
 .text.MXC_GPIO_GetFlags
                0x10001be0       0x18 C:/MaximSDK/Libraries/PeriphDrivers/bin/MAX78000/spi-v1_softfp/libPeriphDriver_spi-v1_softfp.a(gpio_ai85.o)
                0x10001be0                MXC_GPIO_GetFlags
 .text.MXC_GPIO_GetConfigLock
                0x10001bf8        0x4 C:/MaximSDK/Libraries/PeriphDrivers/bin/MAX78000/spi-v1_softfp/libPeriphDriver_spi-v1_softfp.a(gpio_ai85.o)
                0x10001bf8                MXC_GPIO_GetConfigLock
 .text.MXC_GPIO_RevA_OutSet
                0x10001bfc        0x4 C:/MaximSDK/Libraries/PeriphDrivers/bin/MAX78000/spi-v1_softfp/libPeriphDriver_spi-v1_softfp.a(gpio_reva.o)
                0x10001bfc                MXC_GPIO_RevA_OutSet
 .text.MXC_GPIO_RevA_OutClr
                0x10001c00        0x4 C:/MaximSDK/Libraries/PeriphDrivers/bin/MAX78000/spi-v1_softfp/libPeriphDriver_spi-v1_softfp.a(gpio_reva.o)
                0x10001c00                MXC_GPIO_RevA_OutClr
 .text.MXC_GPIO_RevA_ClearFlags
                0x10001c04        0x4 C:/MaximSDK/Libraries/PeriphDrivers/bin/MAX78000/spi-v1_softfp/libPeriphDriver_spi-v1_softfp.a(gpio_reva.o)
                0x10001c04                MXC_GPIO_RevA_ClearFlags
 .text.MXC_GPIO_RevA_GetFlags
                0x10001c08        0x4 C:/MaximSDK/Libraries/PeriphDrivers/bin/MAX78000/spi-v1_softfp/libPeriphDriver_spi-v1_softfp.a(gpio_reva.o)
                0x10001c08                MXC_GPIO_RevA_GetFlags
 .text.MXC_GPIO_RevA_SetVSSEL
                0x10001c0c       0x40 C:/MaximSDK/Libraries/PeriphDrivers/bin/MAX78000/spi-v1_softfp/libPeriphDriver_spi-v1_softfp.a(gpio_reva.o)
                0x10001c0c                MXC_GPIO_RevA_SetVSSEL
 .text.MXC_GPIO_RevA_SetAF
                0x10001c4c       0x7c C:/MaximSDK/Libraries/PeriphDrivers/bin/MAX78000/spi-v1_softfp/libPeriphDriver_spi-v1_softfp.a(gpio_reva.o)
                0x10001c4c                MXC_GPIO_RevA_SetAF
 .text.MXC_GPIO_RevA_SetDriveStrength
                0x10001cc8       0xa0 C:/MaximSDK/Libraries/PeriphDrivers/bin/MAX78000/spi-v1_softfp/libPeriphDriver_spi-v1_softfp.a(gpio_reva.o)
                0x10001cc8                MXC_GPIO_RevA_SetDriveStrength
 .text.MXC_ICC_Enable
                0x10001d68        0x4 C:/MaximSDK/Libraries/PeriphDrivers/bin/MAX78000/spi-v1_softfp/libPeriphDriver_spi-v1_softfp.a(icc_me17.o)
                0x10001d68                MXC_ICC_Enable
 .text.MXC_ICC_RevA_Enable
                0x10001d6c       0x30 C:/MaximSDK/Libraries/PeriphDrivers/bin/MAX78000/spi-v1_softfp/libPeriphDriver_spi-v1_softfp.a(icc_reva.o)
                0x10001d6c                MXC_ICC_RevA_Enable
 .text.MXC_LP_EnterSleepMode
                0x10001d9c       0x28 C:/MaximSDK/Libraries/PeriphDrivers/bin/MAX78000/spi-v1_softfp/libPeriphDriver_spi-v1_softfp.a(lp_ai85.o)
                0x10001d9c                MXC_LP_EnterSleepMode
 .text.MXC_TMR_Init
                0x10001dc4      0x314 C:/MaximSDK/Libraries/PeriphDrivers/bin/MAX78000/spi-v1_softfp/libPeriphDriver_spi-v1_softfp.a(tmr_ai85.o)
                0x10001dc4                MXC_TMR_Init
 .text.MXC_TMR_Start
                0x100020d8        0x4 C:/MaximSDK/Libraries/PeriphDrivers/bin/MAX78000/spi-v1_softfp/libPeriphDriver_spi-v1_softfp.a(tmr_ai85.o)
                0x100020d8                MXC_TMR_Start
 .text.MXC_TMR_Stop
                0x100020dc        0x4 C:/MaximSDK/Libraries/PeriphDrivers/bin/MAX78000/spi-v1_softfp/libPeriphDriver_spi-v1_softfp.a(tmr_ai85.o)
                0x100020dc                MXC_TMR_Stop
 .text.MXC_TMR_ClearFlags
                0x100020e0        0x4 C:/MaximSDK/Libraries/PeriphDrivers/bin/MAX78000/spi-v1_softfp/libPeriphDriver_spi-v1_softfp.a(tmr_ai85.o)
                0x100020e0                MXC_TMR_ClearFlags
 .text.MXC_TMR_SetCount
                0x100020e4        0x4 C:/MaximSDK/Libraries/PeriphDrivers/bin/MAX78000/spi-v1_softfp/libPeriphDriver_spi-v1_softfp.a(tmr_ai85.o)
                0x100020e4                MXC_TMR_SetCount
 .text.MXC_TMR_TO_Start
                0x100020e8        0x4 C:/MaximSDK/Libraries/PeriphDrivers/bin/MAX78000/spi-v1_softfp/libPeriphDriver_spi-v1_softfp.a(tmr_ai85.o)
                0x100020e8                MXC_TMR_TO_Start
 .text.MXC_TMR_TO_Stop
                0x100020ec        0x4 C:/MaximSDK/Libraries/PeriphDrivers/bin/MAX78000/spi-v1_softfp/libPeriphDriver_spi-v1_softfp.a(tmr_ai85.o)
                0x100020ec                MXC_TMR_TO_Stop
 .text.MXC_TMR_TO_Elapsed
                0x100020f0        0x4 C:/MaximSDK/Libraries/PeriphDrivers/bin/MAX78000/spi-v1_softfp/libPeriphDriver_spi-v1_softfp.a(tmr_ai85.o)
                0x100020f0                MXC_TMR_TO_Elapsed
 .text.MXC_TMR_SW_Start
                0x100020f4        0x4 C:/MaximSDK/Libraries/PeriphDrivers/bin/MAX78000/spi-v1_softfp/libPeriphDriver_spi-v1_softfp.a(tmr_ai85.o)
                0x100020f4                MXC_TMR_SW_Start
 .text.MXC_TMR_SW_Stop
                0x100020f8        0x4 C:/MaximSDK/Libraries/PeriphDrivers/bin/MAX78000/spi-v1_softfp/libPeriphDriver_spi-v1_softfp.a(tmr_ai85.o)
                0x100020f8                MXC_TMR_SW_Stop
 .text.MXC_TMR_GetTime
                0x100020fc        0x4 C:/MaximSDK/Libraries/PeriphDrivers/bin/MAX78000/spi-v1_softfp/libPeriphDriver_spi-v1_softfp.a(tmr_ai85.o)
                0x100020fc                MXC_TMR_GetTime
 .text.MXC_TMR_RevB_SetClockSource
                0x10002100       0xa0 C:/MaximSDK/Libraries/PeriphDrivers/bin/MAX78000/spi-v1_softfp/libPeriphDriver_spi-v1_softfp.a(tmr_revb.o)
                0x10002100                MXC_TMR_RevB_SetClockSource
 .text.MXC_TMR_RevB_SetClockSourceFreq
                0x100021a0       0x88 C:/MaximSDK/Libraries/PeriphDrivers/bin/MAX78000/spi-v1_softfp/libPeriphDriver_spi-v1_softfp.a(tmr_revb.o)
                0x100021a0                MXC_TMR_RevB_SetClockSourceFreq
 .text.MXC_TMR_RevB_GetClockSourceFreq
                0x10002228       0x80 C:/MaximSDK/Libraries/PeriphDrivers/bin/MAX78000/spi-v1_softfp/libPeriphDriver_spi-v1_softfp.a(tmr_revb.o)
                0x10002228                MXC_TMR_RevB_GetClockSourceFreq
 .text.MXC_TMR_RevB_ConfigGeneric
                0x100022a8       0xc4 C:/MaximSDK/Libraries/PeriphDrivers/bin/MAX78000/spi-v1_softfp/libPeriphDriver_spi-v1_softfp.a(tmr_revb.o)
                0x100022a8                MXC_TMR_RevB_ConfigGeneric
 .text.MXC_TMR_RevB_Init
                0x1000236c      0x158 C:/MaximSDK/Libraries/PeriphDrivers/bin/MAX78000/spi-v1_softfp/libPeriphDriver_spi-v1_softfp.a(tmr_revb.o)
                0x1000236c                MXC_TMR_RevB_Init
 .text.MXC_TMR_RevB_Start
                0x100024c4       0x78 C:/MaximSDK/Libraries/PeriphDrivers/bin/MAX78000/spi-v1_softfp/libPeriphDriver_spi-v1_softfp.a(tmr_revb.o)
                0x100024c4                MXC_TMR_RevB_Start
 .text.MXC_TMR_RevB_Stop
                0x1000253c       0x58 C:/MaximSDK/Libraries/PeriphDrivers/bin/MAX78000/spi-v1_softfp/libPeriphDriver_spi-v1_softfp.a(tmr_revb.o)
                0x1000253c                MXC_TMR_RevB_Stop
 .text.MXC_TMR_RevB_ClearFlags
                0x10002594       0x58 C:/MaximSDK/Libraries/PeriphDrivers/bin/MAX78000/spi-v1_softfp/libPeriphDriver_spi-v1_softfp.a(tmr_revb.o)
                0x10002594                MXC_TMR_RevB_ClearFlags
 .text.MXC_TMR_RevB_SetCount
                0x100025ec       0x5c C:/MaximSDK/Libraries/PeriphDrivers/bin/MAX78000/spi-v1_softfp/libPeriphDriver_spi-v1_softfp.a(tmr_revb.o)
                0x100025ec                MXC_TMR_RevB_SetCount
 .text.MXC_TMR_RevB_TO_Start
                0x10002648       0xe4 C:/MaximSDK/Libraries/PeriphDrivers/bin/MAX78000/spi-v1_softfp/libPeriphDriver_spi-v1_softfp.a(tmr_revb.o)
                0x10002648                MXC_TMR_RevB_TO_Start
 .text.MXC_TMR_RevB_GetTime
                0x1000272c      0x168 C:/MaximSDK/Libraries/PeriphDrivers/bin/MAX78000/spi-v1_softfp/libPeriphDriver_spi-v1_softfp.a(tmr_revb.o)
                0x1000272c                MXC_TMR_RevB_GetTime
 .text.MXC_UART_Shutdown
                0x10002894       0x70 C:/MaximSDK/Libraries/PeriphDrivers/bin/MAX78000/spi-v1_softfp/libPeriphDriver_spi-v1_softfp.a(uart_ai85.o)
                0x10002894                MXC_UART_Shutdown
 .text.MXC_UART_SetFrequency
                0x10002904       0x90 C:/MaximSDK/Libraries/PeriphDrivers/bin/MAX78000/spi-v1_softfp/libPeriphDriver_spi-v1_softfp.a(uart_ai85.o)
                0x10002904                MXC_UART_SetFrequency
 .text.MXC_UART_SetDataSize
                0x10002994        0x4 C:/MaximSDK/Libraries/PeriphDrivers/bin/MAX78000/spi-v1_softfp/libPeriphDriver_spi-v1_softfp.a(uart_ai85.o)
                0x10002994                MXC_UART_SetDataSize
 .text.MXC_UART_SetStopBits
                0x10002998        0x4 C:/MaximSDK/Libraries/PeriphDrivers/bin/MAX78000/spi-v1_softfp/libPeriphDriver_spi-v1_softfp.a(uart_ai85.o)
                0x10002998                MXC_UART_SetStopBits
 .text.MXC_UART_SetParity
                0x1000299c        0x4 C:/MaximSDK/Libraries/PeriphDrivers/bin/MAX78000/spi-v1_softfp/libPeriphDriver_spi-v1_softfp.a(uart_ai85.o)
                0x1000299c                MXC_UART_SetParity
 .text.MXC_UART_SetClockSource
                0x100029a0       0x60 C:/MaximSDK/Libraries/PeriphDrivers/bin/MAX78000/spi-v1_softfp/libPeriphDriver_spi-v1_softfp.a(uart_ai85.o)
                0x100029a0                MXC_UART_SetClockSource
 .text.MXC_UART_GetClockSource
                0x10002a00       0x4c C:/MaximSDK/Libraries/PeriphDrivers/bin/MAX78000/spi-v1_softfp/libPeriphDriver_spi-v1_softfp.a(uart_ai85.o)
                0x10002a00                MXC_UART_GetClockSource
 .text.MXC_UART_Init
                0x10002a4c       0xa0 C:/MaximSDK/Libraries/PeriphDrivers/bin/MAX78000/spi-v1_softfp/libPeriphDriver_spi-v1_softfp.a(uart_ai85.o)
                0x10002a4c                MXC_UART_Init
 .text.MXC_UART_ReadCharacterRaw
                0x10002aec        0x4 C:/MaximSDK/Libraries/PeriphDrivers/bin/MAX78000/spi-v1_softfp/libPeriphDriver_spi-v1_softfp.a(uart_ai85.o)
                0x10002aec                MXC_UART_ReadCharacterRaw
 .text.MXC_UART_WriteCharacterRaw
                0x10002af0        0x4 C:/MaximSDK/Libraries/PeriphDrivers/bin/MAX78000/spi-v1_softfp/libPeriphDriver_spi-v1_softfp.a(uart_ai85.o)
                0x10002af0                MXC_UART_WriteCharacterRaw
 .text.MXC_UART_ReadCharacter
                0x10002af4        0x4 C:/MaximSDK/Libraries/PeriphDrivers/bin/MAX78000/spi-v1_softfp/libPeriphDriver_spi-v1_softfp.a(uart_ai85.o)
                0x10002af4                MXC_UART_ReadCharacter
 .text.MXC_UART_WriteCharacter
                0x10002af8        0x4 C:/MaximSDK/Libraries/PeriphDrivers/bin/MAX78000/spi-v1_softfp/libPeriphDriver_spi-v1_softfp.a(uart_ai85.o)
                0x10002af8                MXC_UART_WriteCharacter
 .text.MXC_UART_GetRXFIFOAvailable
                0x10002afc        0x4 C:/MaximSDK/Libraries/PeriphDrivers/bin/MAX78000/spi-v1_softfp/libPeriphDriver_spi-v1_softfp.a(uart_ai85.o)
                0x10002afc                MXC_UART_GetRXFIFOAvailable
 .text.MXC_UART_GetTXFIFOAvailable
                0x10002b00        0x4 C:/MaximSDK/Libraries/PeriphDrivers/bin/MAX78000/spi-v1_softfp/libPeriphDriver_spi-v1_softfp.a(uart_ai85.o)
                0x10002b00                MXC_UART_GetTXFIFOAvailable
 .text.MXC_UART_SetRXThreshold
                0x10002b04        0x4 C:/MaximSDK/Libraries/PeriphDrivers/bin/MAX78000/spi-v1_softfp/libPeriphDriver_spi-v1_softfp.a(uart_ai85.o)
                0x10002b04                MXC_UART_SetRXThreshold
 .text.MXC_UART_Common_ReadCharacter
                0x10002b08       0x18 C:/MaximSDK/Libraries/PeriphDrivers/bin/MAX78000/spi-v1_softfp/libPeriphDriver_spi-v1_softfp.a(uart_common.o)
                0x10002b08                MXC_UART_Common_ReadCharacter
 .text.MXC_UART_Common_WriteCharacter
                0x10002b20       0x1c C:/MaximSDK/Libraries/PeriphDrivers/bin/MAX78000/spi-v1_softfp/libPeriphDriver_spi-v1_softfp.a(uart_common.o)
                0x10002b20                MXC_UART_Common_WriteCharacter
 .text.MXC_UART_RevB_Init
                0x10002b3c       0xe0 C:/MaximSDK/Libraries/PeriphDrivers/bin/MAX78000/spi-v1_softfp/libPeriphDriver_spi-v1_softfp.a(uart_revb.o)
                0x10002b3c                MXC_UART_RevB_Init
 .text.MXC_UART_RevB_SetFrequency
                0x10002c1c       0x1c C:/MaximSDK/Libraries/PeriphDrivers/bin/MAX78000/spi-v1_softfp/libPeriphDriver_spi-v1_softfp.a(uart_revb.o)
                0x10002c1c                MXC_UART_RevB_SetFrequency
 .text.MXC_UART_RevB_SetDataSize
                0x10002c38       0x20 C:/MaximSDK/Libraries/PeriphDrivers/bin/MAX78000/spi-v1_softfp/libPeriphDriver_spi-v1_softfp.a(uart_revb.o)
                0x10002c38                MXC_UART_RevB_SetDataSize
 .text.MXC_UART_RevB_SetStopBits
                0x10002c58       0x28 C:/MaximSDK/Libraries/PeriphDrivers/bin/MAX78000/spi-v1_softfp/libPeriphDriver_spi-v1_softfp.a(uart_revb.o)
                0x10002c58                MXC_UART_RevB_SetStopBits
 .text.MXC_UART_RevB_SetParity
                0x10002c80       0x94 C:/MaximSDK/Libraries/PeriphDrivers/bin/MAX78000/spi-v1_softfp/libPeriphDriver_spi-v1_softfp.a(uart_revb.o)
                0x10002c80                MXC_UART_RevB_SetParity
 .text.MXC_UART_RevB_SetClockSource
                0x10002d14       0xa8 C:/MaximSDK/Libraries/PeriphDrivers/bin/MAX78000/spi-v1_softfp/libPeriphDriver_spi-v1_softfp.a(uart_revb.o)
                0x10002d14                MXC_UART_RevB_SetClockSource
 .text.MXC_UART_RevB_GetClockSource
                0x10002dbc        0x8 C:/MaximSDK/Libraries/PeriphDrivers/bin/MAX78000/spi-v1_softfp/libPeriphDriver_spi-v1_softfp.a(uart_revb.o)
                0x10002dbc                MXC_UART_RevB_GetClockSource
 .text.MXC_UART_RevB_ReadCharacterRaw
                0x10002dc4       0x10 C:/MaximSDK/Libraries/PeriphDrivers/bin/MAX78000/spi-v1_softfp/libPeriphDriver_spi-v1_softfp.a(uart_revb.o)
                0x10002dc4                MXC_UART_RevB_ReadCharacterRaw
 .text.MXC_UART_RevB_WriteCharacterRaw
                0x10002dd4       0x14 C:/MaximSDK/Libraries/PeriphDrivers/bin/MAX78000/spi-v1_softfp/libPeriphDriver_spi-v1_softfp.a(uart_revb.o)
                0x10002dd4                MXC_UART_RevB_WriteCharacterRaw
 .text.MXC_UART_RevB_GetRXFIFOAvailable
                0x10002de8        0x8 C:/MaximSDK/Libraries/PeriphDrivers/bin/MAX78000/spi-v1_softfp/libPeriphDriver_spi-v1_softfp.a(uart_revb.o)
                0x10002de8                MXC_UART_RevB_GetRXFIFOAvailable
 .text.MXC_UART_RevB_GetTXFIFOAvailable
                0x10002df0        0xc C:/MaximSDK/Libraries/PeriphDrivers/bin/MAX78000/spi-v1_softfp/libPeriphDriver_spi-v1_softfp.a(uart_revb.o)
                0x10002df0                MXC_UART_RevB_GetTXFIFOAvailable
 .text.MXC_UART_RevB_SetRXThreshold
                0x10002dfc       0x1c C:/MaximSDK/Libraries/PeriphDrivers/bin/MAX78000/spi-v1_softfp/libPeriphDriver_spi-v1_softfp.a(uart_revb.o)
                0x10002dfc                MXC_UART_RevB_SetRXThreshold
 .text.MXC_GPIO_Common_Init
                0x10002e18       0x24 C:/MaximSDK/Libraries/PeriphDrivers/bin/MAX78000/spi-v1_softfp/libPeriphDriver_spi-v1_softfp.a(gpio_common.o)
                0x10002e18                MXC_GPIO_Common_Init
 .text.MXC_GPIO_Common_Handler
                0x10002e3c       0x88 C:/MaximSDK/Libraries/PeriphDrivers/bin/MAX78000/spi-v1_softfp/libPeriphDriver_spi-v1_softfp.a(gpio_common.o)
                0x10002e3c                MXC_GPIO_Common_Handler
 .text.MXC_GPIO_Common_GetConfigLock
                0x10002ec4        0xc C:/MaximSDK/Libraries/PeriphDrivers/bin/MAX78000/spi-v1_softfp/libPeriphDriver_spi-v1_softfp.a(gpio_common.o)
                0x10002ec4                MXC_GPIO_Common_GetConfigLock
 .text.MXC_TMR_Common_TO_Stop
                0x10002ed0       0x14 C:/MaximSDK/Libraries/PeriphDrivers/bin/MAX78000/spi-v1_softfp/libPeriphDriver_spi-v1_softfp.a(tmr_common.o)
                0x10002ed0                MXC_TMR_Common_TO_Stop
 .text.MXC_TMR_Common_SW_Start
                0x10002ee4        0x8 C:/MaximSDK/Libraries/PeriphDrivers/bin/MAX78000/spi-v1_softfp/libPeriphDriver_spi-v1_softfp.a(tmr_common.o)
                0x10002ee4                MXC_TMR_Common_SW_Start
 .text.MXC_TMR_Common_SW_Stop
                0x10002eec       0x14 C:/MaximSDK/Libraries/PeriphDrivers/bin/MAX78000/spi-v1_softfp/libPeriphDriver_spi-v1_softfp.a(tmr_common.o)
                0x10002eec                MXC_TMR_Common_SW_Stop
 .text.MXC_TMR_Common_TO_Elapsed
                0x10002f00       0x54 C:/MaximSDK/Libraries/PeriphDrivers/bin/MAX78000/spi-v1_softfp/libPeriphDriver_spi-v1_softfp.a(tmr_common.o)
                0x10002f00                MXC_TMR_Common_TO_Elapsed
 .text.__errno  0x10002f54        0xc c:/maximsdk/tools/gnutools/10.3/bin/../lib/gcc/arm-none-eabi/10.3.1/../../../../arm-none-eabi/lib/thumb/v7e-m+fp/softfp\libc.a(lib_a-errno.o)
                0x10002f54                __errno
 .text.__libc_init_array
                0x10002f60       0x48 c:/maximsdk/tools/gnutools/10.3/bin/../lib/gcc/arm-none-eabi/10.3.1/../../../../arm-none-eabi/lib/thumb/v7e-m+fp/softfp\libc.a(lib_a-init.o)
                0x10002f60                __libc_init_array
 .text.malloc   0x10002fa8       0x10 c:/maximsdk/tools/gnutools/10.3/bin/../lib/gcc/arm-none-eabi/10.3.1/../../../../arm-none-eabi/lib/thumb/v7e-m+fp/softfp\libc.a(lib_a-malloc.o)
                0x10002fa8                malloc
 .text._malloc_r
                0x10002fb8      0x560 c:/maximsdk/tools/gnutools/10.3/bin/../lib/gcc/arm-none-eabi/10.3.1/../../../../arm-none-eabi/lib/thumb/v7e-m+fp/softfp\libc.a(lib_a-mallocr.o)
                0x10002fb8                _malloc_r
 .text          0x10003518      0x134 c:/maximsdk/tools/gnutools/10.3/bin/../lib/gcc/arm-none-eabi/10.3.1/../../../../arm-none-eabi/lib/thumb/v7e-m+fp/softfp\libc.a(lib_a-memcpy.o)
                0x10003518                memcpy
 .text.memset   0x1000364c       0xa4 c:/maximsdk/tools/gnutools/10.3/bin/../lib/gcc/arm-none-eabi/10.3.1/../../../../arm-none-eabi/lib/thumb/v7e-m+fp/softfp\libc.a(lib_a-memset.o)
                0x1000364c                memset
 .text.__malloc_lock
                0x100036f0        0xc c:/maximsdk/tools/gnutools/10.3/bin/../lib/gcc/arm-none-eabi/10.3.1/../../../../arm-none-eabi/lib/thumb/v7e-m+fp/softfp\libc.a(lib_a-mlock.o)
                0x100036f0                __malloc_lock
 .text.__malloc_unlock
                0x100036fc        0xc c:/maximsdk/tools/gnutools/10.3/bin/../lib/gcc/arm-none-eabi/10.3.1/../../../../arm-none-eabi/lib/thumb/v7e-m+fp/softfp\libc.a(lib_a-mlock.o)
                0x100036fc                __malloc_unlock
 .text.printf   0x10003708       0x28 c:/maximsdk/tools/gnutools/10.3/bin/../lib/gcc/arm-none-eabi/10.3.1/../../../../arm-none-eabi/lib/thumb/v7e-m+fp/softfp\libc.a(lib_a-printf.o)
                0x10003708                printf
 .text._sbrk_r  0x10003730       0x24 c:/maximsdk/tools/gnutools/10.3/bin/../lib/gcc/arm-none-eabi/10.3.1/../../../../arm-none-eabi/lib/thumb/v7e-m+fp/softfp\libc.a(lib_a-sbrkr.o)
                0x10003730                _sbrk_r
 *fill*         0x10003754       0x2c 
 .text          0x10003780       0xdc c:/maximsdk/tools/gnutools/10.3/bin/../lib/gcc/arm-none-eabi/10.3.1/../../../../arm-none-eabi/lib/thumb/v7e-m+fp/softfp\libc.a(lib_a-strlen.o)
                0x10003780                strlen
 *fill*         0x1000385c        0x4 
 .text._vfprintf_r
                0x10003860     0x1b8c c:/maximsdk/tools/gnutools/10.3/bin/../lib/gcc/arm-none-eabi/10.3.1/../../../../arm-none-eabi/lib/thumb/v7e-m+fp/softfp\libc.a(lib_a-vfprintf.o)
                0x10003860                _vfprintf_r
 .text.__sbprintf
                0x100053ec       0x80 c:/maximsdk/tools/gnutools/10.3/bin/../lib/gcc/arm-none-eabi/10.3.1/../../../../arm-none-eabi/lib/thumb/v7e-m+fp/softfp\libc.a(lib_a-vfprintf.o)
 .text.__swsetup_r
                0x1000546c       0xd4 c:/maximsdk/tools/gnutools/10.3/bin/../lib/gcc/arm-none-eabi/10.3.1/../../../../arm-none-eabi/lib/thumb/v7e-m+fp/softfp\libc.a(lib_a-wsetup.o)
                0x1000546c                __swsetup_r
 .text.startup.register_fini
                0x10005540       0x14 c:/maximsdk/tools/gnutools/10.3/bin/../lib/gcc/arm-none-eabi/10.3.1/../../../../arm-none-eabi/lib/thumb/v7e-m+fp/softfp\libc.a(lib_a-__call_atexit.o)
 .text.atexit   0x10005554        0xc c:/maximsdk/tools/gnutools/10.3/bin/../lib/gcc/arm-none-eabi/10.3.1/../../../../arm-none-eabi/lib/thumb/v7e-m+fp/softfp\libc.a(lib_a-atexit.o)
                0x10005554                atexit
 .text.quorem   0x10005560      0x128 c:/maximsdk/tools/gnutools/10.3/bin/../lib/gcc/arm-none-eabi/10.3.1/../../../../arm-none-eabi/lib/thumb/v7e-m+fp/softfp\libc.a(lib_a-dtoa.o)
 .text._dtoa_r  0x10005688      0xf34 c:/maximsdk/tools/gnutools/10.3/bin/../lib/gcc/arm-none-eabi/10.3.1/../../../../arm-none-eabi/lib/thumb/v7e-m+fp/softfp\libc.a(lib_a-dtoa.o)
                0x10005688                _dtoa_r
 .text.__sflush_r
                0x100065bc      0x130 c:/maximsdk/tools/gnutools/10.3/bin/../lib/gcc/arm-none-eabi/10.3.1/../../../../arm-none-eabi/lib/thumb/v7e-m+fp/softfp\libc.a(lib_a-fflush.o)
                0x100065bc                __sflush_r
 .text._fflush_r
                0x100066ec       0x5c c:/maximsdk/tools/gnutools/10.3/bin/../lib/gcc/arm-none-eabi/10.3.1/../../../../arm-none-eabi/lib/thumb/v7e-m+fp/softfp\libc.a(lib_a-fflush.o)
                0x100066ec                _fflush_r
 .text._cleanup_r
                0x10006748        0xc c:/maximsdk/tools/gnutools/10.3/bin/../lib/gcc/arm-none-eabi/10.3.1/../../../../arm-none-eabi/lib/thumb/v7e-m+fp/softfp\libc.a(lib_a-findfp.o)
                0x10006748                _cleanup_r
 .text.__sinit  0x10006754      0x10c c:/maximsdk/tools/gnutools/10.3/bin/../lib/gcc/arm-none-eabi/10.3.1/../../../../arm-none-eabi/lib/thumb/v7e-m+fp/softfp\libc.a(lib_a-findfp.o)
                0x10006754                __sinit
 .text.__sfp_lock_acquire
                0x10006860        0xc c:/maximsdk/tools/gnutools/10.3/bin/../lib/gcc/arm-none-eabi/10.3.1/../../../../arm-none-eabi/lib/thumb/v7e-m+fp/softfp\libc.a(lib_a-findfp.o)
                0x10006860                __sfp_lock_acquire
 .text.__sfp_lock_release
                0x1000686c        0xc c:/maximsdk/tools/gnutools/10.3/bin/../lib/gcc/arm-none-eabi/10.3.1/../../../../arm-none-eabi/lib/thumb/v7e-m+fp/softfp\libc.a(lib_a-findfp.o)
                0x1000686c                __sfp_lock_release
 .text.__libc_fini_array
                0x10006878       0x2c c:/maximsdk/tools/gnutools/10.3/bin/../lib/gcc/arm-none-eabi/10.3.1/../../../../arm-none-eabi/lib/thumb/v7e-m+fp/softfp\libc.a(lib_a-fini.o)
                0x10006878                __libc_fini_array
 .text._malloc_trim_r
                0x100068a4       0xa0 c:/maximsdk/tools/gnutools/10.3/bin/../lib/gcc/arm-none-eabi/10.3.1/../../../../arm-none-eabi/lib/thumb/v7e-m+fp/softfp\libc.a(lib_a-freer.o)
                0x100068a4                _malloc_trim_r
 .text._free_r  0x10006944      0x20c c:/maximsdk/tools/gnutools/10.3/bin/../lib/gcc/arm-none-eabi/10.3.1/../../../../arm-none-eabi/lib/thumb/v7e-m+fp/softfp\libc.a(lib_a-freer.o)
                0x10006944                _free_r
 .text.__sfvwrite_r
                0x10006b50      0x2f0 c:/maximsdk/tools/gnutools/10.3/bin/../lib/gcc/arm-none-eabi/10.3.1/../../../../arm-none-eabi/lib/thumb/v7e-m+fp/softfp\libc.a(lib_a-fvwrite.o)
                0x10006b50                __sfvwrite_r
 .text._fwalk_reent
                0x10006e40       0x48 c:/maximsdk/tools/gnutools/10.3/bin/../lib/gcc/arm-none-eabi/10.3.1/../../../../arm-none-eabi/lib/thumb/v7e-m+fp/softfp\libc.a(lib_a-fwalk.o)
                0x10006e40                _fwalk_reent
 .text._localeconv_r
                0x10006e88        0x8 c:/maximsdk/tools/gnutools/10.3/bin/../lib/gcc/arm-none-eabi/10.3.1/../../../../arm-none-eabi/lib/thumb/v7e-m+fp/softfp\libc.a(lib_a-localeconv.o)
                0x10006e88                _localeconv_r
 .text.__retarget_lock_init_recursive
                0x10006e90        0x4 c:/maximsdk/tools/gnutools/10.3/bin/../lib/gcc/arm-none-eabi/10.3.1/../../../../arm-none-eabi/lib/thumb/v7e-m+fp/softfp\libc.a(lib_a-lock.o)
                0x10006e90                __retarget_lock_init_recursive
 .text.__retarget_lock_close_recursive
                0x10006e94        0x4 c:/maximsdk/tools/gnutools/10.3/bin/../lib/gcc/arm-none-eabi/10.3.1/../../../../arm-none-eabi/lib/thumb/v7e-m+fp/softfp\libc.a(lib_a-lock.o)
                0x10006e94                __retarget_lock_close_recursive
 .text.__retarget_lock_acquire_recursive
                0x10006e98        0x4 c:/maximsdk/tools/gnutools/10.3/bin/../lib/gcc/arm-none-eabi/10.3.1/../../../../arm-none-eabi/lib/thumb/v7e-m+fp/softfp\libc.a(lib_a-lock.o)
                0x10006e98                __retarget_lock_acquire_recursive
 .text.__retarget_lock_release_recursive
                0x10006e9c        0x4 c:/maximsdk/tools/gnutools/10.3/bin/../lib/gcc/arm-none-eabi/10.3.1/../../../../arm-none-eabi/lib/thumb/v7e-m+fp/softfp\libc.a(lib_a-lock.o)
                0x10006e9c                __retarget_lock_release_recursive
 .text.__smakebuf_r
                0x10006ea0       0xe0 c:/maximsdk/tools/gnutools/10.3/bin/../lib/gcc/arm-none-eabi/10.3.1/../../../../arm-none-eabi/lib/thumb/v7e-m+fp/softfp\libc.a(lib_a-makebuf.o)
                0x10006ea0                __smakebuf_r
 .text          0x10006f80       0xa0 c:/maximsdk/tools/gnutools/10.3/bin/../lib/gcc/arm-none-eabi/10.3.1/../../../../arm-none-eabi/lib/thumb/v7e-m+fp/softfp\libc.a(lib_a-memchr.o)
                0x10006f80                memchr
 .text.memmove  0x10007020       0xf8 c:/maximsdk/tools/gnutools/10.3/bin/../lib/gcc/arm-none-eabi/10.3.1/../../../../arm-none-eabi/lib/thumb/v7e-m+fp/softfp\libc.a(lib_a-memmove.o)
                0x10007020                memmove
 .text._Balloc  0x10007118       0x4c c:/maximsdk/tools/gnutools/10.3/bin/../lib/gcc/arm-none-eabi/10.3.1/../../../../arm-none-eabi/lib/thumb/v7e-m+fp/softfp\libc.a(lib_a-mprec.o)
                0x10007118                _Balloc
 .text._Bfree   0x10007164       0x14 c:/maximsdk/tools/gnutools/10.3/bin/../lib/gcc/arm-none-eabi/10.3.1/../../../../arm-none-eabi/lib/thumb/v7e-m+fp/softfp\libc.a(lib_a-mprec.o)
                0x10007164                _Bfree
 .text.__multadd
                0x10007178       0xa8 c:/maximsdk/tools/gnutools/10.3/bin/../lib/gcc/arm-none-eabi/10.3.1/../../../../arm-none-eabi/lib/thumb/v7e-m+fp/softfp\libc.a(lib_a-mprec.o)
                0x10007178                __multadd
 .text.__hi0bits
                0x10007220       0x40 c:/maximsdk/tools/gnutools/10.3/bin/../lib/gcc/arm-none-eabi/10.3.1/../../../../arm-none-eabi/lib/thumb/v7e-m+fp/softfp\libc.a(lib_a-mprec.o)
                0x10007220                __hi0bits
 .text.__lo0bits
                0x10007260       0x60 c:/maximsdk/tools/gnutools/10.3/bin/../lib/gcc/arm-none-eabi/10.3.1/../../../../arm-none-eabi/lib/thumb/v7e-m+fp/softfp\libc.a(lib_a-mprec.o)
                0x10007260                __lo0bits
 .text.__i2b    0x100072c0       0x5c c:/maximsdk/tools/gnutools/10.3/bin/../lib/gcc/arm-none-eabi/10.3.1/../../../../arm-none-eabi/lib/thumb/v7e-m+fp/softfp\libc.a(lib_a-mprec.o)
                0x100072c0                __i2b
 .text.__multiply
                0x1000731c      0x15c c:/maximsdk/tools/gnutools/10.3/bin/../lib/gcc/arm-none-eabi/10.3.1/../../../../arm-none-eabi/lib/thumb/v7e-m+fp/softfp\libc.a(lib_a-mprec.o)
                0x1000731c                __multiply
 .text.__pow5mult
                0x10007478       0xc0 c:/maximsdk/tools/gnutools/10.3/bin/../lib/gcc/arm-none-eabi/10.3.1/../../../../arm-none-eabi/lib/thumb/v7e-m+fp/softfp\libc.a(lib_a-mprec.o)
                0x10007478                __pow5mult
 .text.__lshift
                0x10007538       0xf0 c:/maximsdk/tools/gnutools/10.3/bin/../lib/gcc/arm-none-eabi/10.3.1/../../../../arm-none-eabi/lib/thumb/v7e-m+fp/softfp\libc.a(lib_a-mprec.o)
                0x10007538                __lshift
 .text.__mcmp   0x10007628       0x44 c:/maximsdk/tools/gnutools/10.3/bin/../lib/gcc/arm-none-eabi/10.3.1/../../../../arm-none-eabi/lib/thumb/v7e-m+fp/softfp\libc.a(lib_a-mprec.o)
                0x10007628                __mcmp
 .text.__mdiff  0x1000766c      0x14c c:/maximsdk/tools/gnutools/10.3/bin/../lib/gcc/arm-none-eabi/10.3.1/../../../../arm-none-eabi/lib/thumb/v7e-m+fp/softfp\libc.a(lib_a-mprec.o)
                0x1000766c                __mdiff
 .text.__d2b    0x100077b8       0xc4 c:/maximsdk/tools/gnutools/10.3/bin/../lib/gcc/arm-none-eabi/10.3.1/../../../../arm-none-eabi/lib/thumb/v7e-m+fp/softfp\libc.a(lib_a-mprec.o)
                0x100077b8                __d2b
 .text._realloc_r
                0x1000787c      0x3d8 c:/maximsdk/tools/gnutools/10.3/bin/../lib/gcc/arm-none-eabi/10.3.1/../../../../arm-none-eabi/lib/thumb/v7e-m+fp/softfp\libc.a(lib_a-reallocr.o)
                0x1000787c                _realloc_r
 .text.frexp    0x10007c54       0x70 c:/maximsdk/tools/gnutools/10.3/bin/../lib/gcc/arm-none-eabi/10.3.1/../../../../arm-none-eabi/lib/thumb/v7e-m+fp/softfp\libc.a(lib_a-s_frexp.o)
                0x10007c54                frexp
 .text.__sread  0x10007cc4       0x24 c:/maximsdk/tools/gnutools/10.3/bin/../lib/gcc/arm-none-eabi/10.3.1/../../../../arm-none-eabi/lib/thumb/v7e-m+fp/softfp\libc.a(lib_a-stdio.o)
                0x10007cc4                __sread
 .text.__swrite
                0x10007ce8       0x40 c:/maximsdk/tools/gnutools/10.3/bin/../lib/gcc/arm-none-eabi/10.3.1/../../../../arm-none-eabi/lib/thumb/v7e-m+fp/softfp\libc.a(lib_a-stdio.o)
                0x10007ce8                __swrite
 .text.__sseek  0x10007d28       0x20 c:/maximsdk/tools/gnutools/10.3/bin/../lib/gcc/arm-none-eabi/10.3.1/../../../../arm-none-eabi/lib/thumb/v7e-m+fp/softfp\libc.a(lib_a-stdio.o)
                0x10007d28                __sseek
 .text.__sclose
                0x10007d48        0x8 c:/maximsdk/tools/gnutools/10.3/bin/../lib/gcc/arm-none-eabi/10.3.1/../../../../arm-none-eabi/lib/thumb/v7e-m+fp/softfp\libc.a(lib_a-stdio.o)
                0x10007d48                __sclose
 .text.strncpy  0x10007d50       0x64 c:/maximsdk/tools/gnutools/10.3/bin/../lib/gcc/arm-none-eabi/10.3.1/../../../../arm-none-eabi/lib/thumb/v7e-m+fp/softfp\libc.a(lib_a-strncpy.o)
                0x10007d50                strncpy
 .text.__sprint_r.part.0
                0x10007db4       0x78 c:/maximsdk/tools/gnutools/10.3/bin/../lib/gcc/arm-none-eabi/10.3.1/../../../../arm-none-eabi/lib/thumb/v7e-m+fp/softfp\libc.a(lib_a-vfiprintf.o)
 .text.__sprint_r
                0x10007e2c       0x18 c:/maximsdk/tools/gnutools/10.3/bin/../lib/gcc/arm-none-eabi/10.3.1/../../../../arm-none-eabi/lib/thumb/v7e-m+fp/softfp\libc.a(lib_a-vfiprintf.o)
                0x10007e2c                __sprint_r
 .text._vfiprintf_r
                0x10007e44      0xdfc c:/maximsdk/tools/gnutools/10.3/bin/../lib/gcc/arm-none-eabi/10.3.1/../../../../arm-none-eabi/lib/thumb/v7e-m+fp/softfp\libc.a(lib_a-vfiprintf.o)
                0x10007e44                _vfiprintf_r
 .text.__sbprintf
                0x10008c40       0x80 c:/maximsdk/tools/gnutools/10.3/bin/../lib/gcc/arm-none-eabi/10.3.1/../../../../arm-none-eabi/lib/thumb/v7e-m+fp/softfp\libc.a(lib_a-vfiprintf.o)
 .text._write_r
                0x10008cc0       0x2c c:/maximsdk/tools/gnutools/10.3/bin/../lib/gcc/arm-none-eabi/10.3.1/../../../../arm-none-eabi/lib/thumb/v7e-m+fp/softfp\libc.a(lib_a-writer.o)
                0x10008cc0                _write_r
 .text.__register_exitproc
                0x10008cec       0x8c c:/maximsdk/tools/gnutools/10.3/bin/../lib/gcc/arm-none-eabi/10.3.1/../../../../arm-none-eabi/lib/thumb/v7e-m+fp/softfp\libc.a(lib_a-__atexit.o)
                0x10008cec                __register_exitproc
 .text.__assert_func
                0x10008d78       0x40 c:/maximsdk/tools/gnutools/10.3/bin/../lib/gcc/arm-none-eabi/10.3.1/../../../../arm-none-eabi/lib/thumb/v7e-m+fp/softfp\libc.a(lib_a-assert.o)
                0x10008d78                __assert_func
 .text._calloc_r
                0x10008db8       0x78 c:/maximsdk/tools/gnutools/10.3/bin/../lib/gcc/arm-none-eabi/10.3.1/../../../../arm-none-eabi/lib/thumb/v7e-m+fp/softfp\libc.a(lib_a-callocr.o)
                0x10008db8                _calloc_r
 .text._close_r
                0x10008e30       0x24 c:/maximsdk/tools/gnutools/10.3/bin/../lib/gcc/arm-none-eabi/10.3.1/../../../../arm-none-eabi/lib/thumb/v7e-m+fp/softfp\libc.a(lib_a-closer.o)
                0x10008e30                _close_r
 .text._fclose_r
                0x10008e54       0xcc c:/maximsdk/tools/gnutools/10.3/bin/../lib/gcc/arm-none-eabi/10.3.1/../../../../arm-none-eabi/lib/thumb/v7e-m+fp/softfp\libc.a(lib_a-fclose.o)
                0x10008e54                _fclose_r
 .text.fiprintf
                0x10008f20       0x28 c:/maximsdk/tools/gnutools/10.3/bin/../lib/gcc/arm-none-eabi/10.3.1/../../../../arm-none-eabi/lib/thumb/v7e-m+fp/softfp\libc.a(lib_a-fiprintf.o)
                0x10008f20                fiprintf
 .text.__fputwc
                0x10008f48       0xa8 c:/maximsdk/tools/gnutools/10.3/bin/../lib/gcc/arm-none-eabi/10.3.1/../../../../arm-none-eabi/lib/thumb/v7e-m+fp/softfp\libc.a(lib_a-fputwc.o)
                0x10008f48                __fputwc
 .text._fputwc_r
                0x10008ff0       0x68 c:/maximsdk/tools/gnutools/10.3/bin/../lib/gcc/arm-none-eabi/10.3.1/../../../../arm-none-eabi/lib/thumb/v7e-m+fp/softfp\libc.a(lib_a-fputwc.o)
                0x10008ff0                _fputwc_r
 .text._fstat_r
                0x10009058       0x2c c:/maximsdk/tools/gnutools/10.3/bin/../lib/gcc/arm-none-eabi/10.3.1/../../../../arm-none-eabi/lib/thumb/v7e-m+fp/softfp\libc.a(lib_a-fstatr.o)
                0x10009058                _fstat_r
 .text._isatty_r
                0x10009084       0x24 c:/maximsdk/tools/gnutools/10.3/bin/../lib/gcc/arm-none-eabi/10.3.1/../../../../arm-none-eabi/lib/thumb/v7e-m+fp/softfp\libc.a(lib_a-isattyr.o)
                0x10009084                _isatty_r
 .text.__locale_mb_cur_max
                0x100090a8        0xc c:/maximsdk/tools/gnutools/10.3/bin/../lib/gcc/arm-none-eabi/10.3.1/../../../../arm-none-eabi/lib/thumb/v7e-m+fp/softfp\libc.a(lib_a-locale.o)
                0x100090a8                __locale_mb_cur_max
 .text._lseek_r
                0x100090b4       0x2c c:/maximsdk/tools/gnutools/10.3/bin/../lib/gcc/arm-none-eabi/10.3.1/../../../../arm-none-eabi/lib/thumb/v7e-m+fp/softfp\libc.a(lib_a-lseekr.o)
                0x100090b4                _lseek_r
 .text.__ascii_mbtowc
                0x100090e0       0x2c c:/maximsdk/tools/gnutools/10.3/bin/../lib/gcc/arm-none-eabi/10.3.1/../../../../arm-none-eabi/lib/thumb/v7e-m+fp/softfp\libc.a(lib_a-mbtowc_r.o)
                0x100090e0                __ascii_mbtowc
 .text._read_r  0x1000910c       0x2c c:/maximsdk/tools/gnutools/10.3/bin/../lib/gcc/arm-none-eabi/10.3.1/../../../../arm-none-eabi/lib/thumb/v7e-m+fp/softfp\libc.a(lib_a-readr.o)
                0x1000910c                _read_r
 .text.__swbuf_r
                0x10009138       0xb0 c:/maximsdk/tools/gnutools/10.3/bin/../lib/gcc/arm-none-eabi/10.3.1/../../../../arm-none-eabi/lib/thumb/v7e-m+fp/softfp\libc.a(lib_a-wbuf.o)
                0x10009138                __swbuf_r
 .text._wcrtomb_r
                0x100091e8       0x3c c:/maximsdk/tools/gnutools/10.3/bin/../lib/gcc/arm-none-eabi/10.3.1/../../../../arm-none-eabi/lib/thumb/v7e-m+fp/softfp\libc.a(lib_a-wcrtomb.o)
                0x100091e8                _wcrtomb_r
 .text.__ascii_wctomb
                0x10009224       0x1c c:/maximsdk/tools/gnutools/10.3/bin/../lib/gcc/arm-none-eabi/10.3.1/../../../../arm-none-eabi/lib/thumb/v7e-m+fp/softfp\libc.a(lib_a-wctomb_r.o)
                0x10009224                __ascii_wctomb
 .text.abort    0x10009240       0x10 c:/maximsdk/tools/gnutools/10.3/bin/../lib/gcc/arm-none-eabi/10.3.1/../../../../arm-none-eabi/lib/thumb/v7e-m+fp/softfp\libc.a(lib_a-abort.o)
                0x10009240                abort
 .text.raise    0x10009250       0x5c c:/maximsdk/tools/gnutools/10.3/bin/../lib/gcc/arm-none-eabi/10.3.1/../../../../arm-none-eabi/lib/thumb/v7e-m+fp/softfp\libc.a(lib_a-signal.o)
                0x10009250                raise
 .text._kill_r  0x100092ac       0x2c c:/maximsdk/tools/gnutools/10.3/bin/../lib/gcc/arm-none-eabi/10.3.1/../../../../arm-none-eabi/lib/thumb/v7e-m+fp/softfp\libc.a(lib_a-signalr.o)
                0x100092ac                _kill_r
 .text._getpid_r
                0x100092d8        0x4 c:/maximsdk/tools/gnutools/10.3/bin/../lib/gcc/arm-none-eabi/10.3.1/../../../../arm-none-eabi/lib/thumb/v7e-m+fp/softfp\libc.a(lib_a-signalr.o)
                0x100092d8                _getpid_r
 .text._exit    0x100092dc        0x4 c:/maximsdk/tools/gnutools/10.3/bin/../lib/gcc/arm-none-eabi/10.3.1/../../../../arm-none-eabi/lib/thumb/v7e-m+fp/softfp\libnosys.a(_exit.o)
                0x100092dc                _exit
 .text          0x100092e0      0x378 c:/maximsdk/tools/gnutools/10.3/bin/../lib/gcc/arm-none-eabi/10.3.1/thumb/v7e-m+fp/softfp\libgcc.a(_arm_addsubdf3.o)
                0x100092e0                __aeabi_drsub
                0x100092e8                __aeabi_dsub
                0x100092e8                __subdf3
                0x100092ec                __aeabi_dadd
                0x100092ec                __adddf3
                0x10009564                __floatunsidf
                0x10009564                __aeabi_ui2d
                0x10009584                __floatsidf
                0x10009584                __aeabi_i2d
                0x100095a8                __aeabi_f2d
                0x100095a8                __extendsfdf2
                0x100095ec                __floatundidf
                0x100095ec                __aeabi_ul2d
                0x100095fc                __floatdidf
                0x100095fc                __aeabi_l2d
 .text          0x10009658      0x424 c:/maximsdk/tools/gnutools/10.3/bin/../lib/gcc/arm-none-eabi/10.3.1/thumb/v7e-m+fp/softfp\libgcc.a(_arm_muldivdf3.o)
                0x10009658                __aeabi_dmul
                0x10009658                __muldf3
                0x100098ac                __divdf3
                0x100098ac                __aeabi_ddiv
 .text          0x10009a7c      0x110 c:/maximsdk/tools/gnutools/10.3/bin/../lib/gcc/arm-none-eabi/10.3.1/thumb/v7e-m+fp/softfp\libgcc.a(_arm_cmpdf2.o)
                0x10009a7c                __gtdf2
                0x10009a7c                __gedf2
                0x10009a84                __ltdf2
                0x10009a84                __ledf2
                0x10009a8c                __nedf2
                0x10009a8c                __eqdf2
                0x10009a8c                __cmpdf2
                0x10009b08                __aeabi_cdrcmple
                0x10009b18                __aeabi_cdcmpeq
                0x10009b18                __aeabi_cdcmple
                0x10009b28                __aeabi_dcmpeq
                0x10009b3c                __aeabi_dcmplt
                0x10009b50                __aeabi_dcmple
                0x10009b64                __aeabi_dcmpge
                0x10009b78                __aeabi_dcmpgt
 .text          0x10009b8c       0x2c c:/maximsdk/tools/gnutools/10.3/bin/../lib/gcc/arm-none-eabi/10.3.1/thumb/v7e-m+fp/softfp\libgcc.a(_arm_unorddf2.o)
                0x10009b8c                __unorddf2
                0x10009b8c                __aeabi_dcmpun
 .text          0x10009bb8       0x50 c:/maximsdk/tools/gnutools/10.3/bin/../lib/gcc/arm-none-eabi/10.3.1/thumb/v7e-m+fp/softfp\libgcc.a(_arm_fixdfsi.o)
                0x10009bb8                __aeabi_d2iz
                0x10009bb8                __fixdfsi
 .text          0x10009c08       0xa0 c:/maximsdk/tools/gnutools/10.3/bin/../lib/gcc/arm-none-eabi/10.3.1/thumb/v7e-m+fp/softfp\libgcc.a(_aeabi_ldivmod.o)
                0x10009c08                __aeabi_ldivmod
 .text          0x10009ca8       0x30 c:/maximsdk/tools/gnutools/10.3/bin/../lib/gcc/arm-none-eabi/10.3.1/thumb/v7e-m+fp/softfp\libgcc.a(_aeabi_uldivmod.o)
                0x10009ca8                __aeabi_uldivmod
 .text          0x10009cd8      0x2d0 c:/maximsdk/tools/gnutools/10.3/bin/../lib/gcc/arm-none-eabi/10.3.1/thumb/v7e-m+fp/softfp\libgcc.a(_udivmoddi4.o)
                0x10009cd8                __udivmoddi4
 .text          0x10009fa8        0x4 c:/maximsdk/tools/gnutools/10.3/bin/../lib/gcc/arm-none-eabi/10.3.1/thumb/v7e-m+fp/softfp\libgcc.a(_dvmd_tls.o)
                0x10009fa8                __aeabi_idiv0
                0x10009fa8                __aeabi_ldiv0
 *(.rodata*)
 .rodata.bias_0
                0x10009fac       0x47 c:/Users/student1/eclipse-workspace/tut2017_final_jupyter/build/cnn.o
 *fill*         0x10009ff3        0x1 
 .rodata.bias_1
                0x10009ff4      0x100 c:/Users/student1/eclipse-workspace/tut2017_final_jupyter/build/cnn.o
 .rodata.bias_2
                0x1000a0f4       0x80 c:/Users/student1/eclipse-workspace/tut2017_final_jupyter/build/cnn.o
 .rodata.bias_3
                0x1000a174       0x60 c:/Users/student1/eclipse-workspace/tut2017_final_jupyter/build/cnn.o
 .rodata.kernels
                0x1000a1d4    0x43024 c:/Users/student1/eclipse-workspace/tut2017_final_jupyter/build/cnn.o
 .rodata.main.str1.4
                0x1004d1f8        0xc c:/Users/student1/eclipse-workspace/tut2017_final_jupyter/build/main.o
 .rodata        0x1004d204       0x38 c:/Users/student1/eclipse-workspace/tut2017_final_jupyter/build/main.o
 .rodata.mxc_assert.str1.4
                0x1004d23c       0x19 c:/Users/student1/eclipse-workspace/tut2017_final_jupyter/build/board.o
 *fill*         0x1004d255        0x3 
 .rodata.Board_Init.str1.4
                0x1004d258       0x45 c:/Users/student1/eclipse-workspace/tut2017_final_jupyter/build/board.o
 *fill*         0x1004d29d        0x3 
 .rodata        0x1004d2a0       0x54 c:/Users/student1/eclipse-workspace/tut2017_final_jupyter/build/board.o
 .rodata.led_pin
                0x1004d2f4       0x18 c:/Users/student1/eclipse-workspace/tut2017_final_jupyter/build/board.o
                0x1004d2f4                led_pin
 .rodata.num_leds
                0x1004d30c        0x4 c:/Users/student1/eclipse-workspace/tut2017_final_jupyter/build/board.o
                0x1004d30c                num_leds
 .rodata.num_pbs
                0x1004d310        0x4 c:/Users/student1/eclipse-workspace/tut2017_final_jupyter/build/board.o
                0x1004d310                num_pbs
 .rodata.pb_pin
                0x1004d314       0x18 c:/Users/student1/eclipse-workspace/tut2017_final_jupyter/build/board.o
                0x1004d314                pb_pin
 .rodata.LED_On.str1.4
                0x1004d32c       0x3b c:/Users/student1/eclipse-workspace/tut2017_final_jupyter/build/led.o
 *fill*         0x1004d367        0x1 
 .rodata.gpio_cfg_extclk
                0x1004d368        0xc C:/MaximSDK/Libraries/PeriphDrivers/bin/MAX78000/spi-v1_softfp/libPeriphDriver_spi-v1_softfp.a(pins_ai85.o)
                0x1004d368                gpio_cfg_extclk
 .rodata.gpio_cfg_tmr0
                0x1004d374        0xc C:/MaximSDK/Libraries/PeriphDrivers/bin/MAX78000/spi-v1_softfp/libPeriphDriver_spi-v1_softfp.a(pins_ai85.o)
                0x1004d374                gpio_cfg_tmr0
 .rodata.gpio_cfg_tmr0b
                0x1004d380        0xc C:/MaximSDK/Libraries/PeriphDrivers/bin/MAX78000/spi-v1_softfp/libPeriphDriver_spi-v1_softfp.a(pins_ai85.o)
                0x1004d380                gpio_cfg_tmr0b
 .rodata.gpio_cfg_tmr1
                0x1004d38c        0xc C:/MaximSDK/Libraries/PeriphDrivers/bin/MAX78000/spi-v1_softfp/libPeriphDriver_spi-v1_softfp.a(pins_ai85.o)
                0x1004d38c                gpio_cfg_tmr1
 .rodata.gpio_cfg_tmr1b
                0x1004d398        0xc C:/MaximSDK/Libraries/PeriphDrivers/bin/MAX78000/spi-v1_softfp/libPeriphDriver_spi-v1_softfp.a(pins_ai85.o)
                0x1004d398                gpio_cfg_tmr1b
 .rodata.gpio_cfg_tmr2
                0x1004d3a4        0xc C:/MaximSDK/Libraries/PeriphDrivers/bin/MAX78000/spi-v1_softfp/libPeriphDriver_spi-v1_softfp.a(pins_ai85.o)
                0x1004d3a4                gpio_cfg_tmr2
 .rodata.gpio_cfg_tmr2b
                0x1004d3b0        0xc C:/MaximSDK/Libraries/PeriphDrivers/bin/MAX78000/spi-v1_softfp/libPeriphDriver_spi-v1_softfp.a(pins_ai85.o)
                0x1004d3b0                gpio_cfg_tmr2b
 .rodata.gpio_cfg_tmr3
                0x1004d3bc        0xc C:/MaximSDK/Libraries/PeriphDrivers/bin/MAX78000/spi-v1_softfp/libPeriphDriver_spi-v1_softfp.a(pins_ai85.o)
                0x1004d3bc                gpio_cfg_tmr3
 .rodata.gpio_cfg_tmr3b
                0x1004d3c8        0xc C:/MaximSDK/Libraries/PeriphDrivers/bin/MAX78000/spi-v1_softfp/libPeriphDriver_spi-v1_softfp.a(pins_ai85.o)
                0x1004d3c8                gpio_cfg_tmr3b
 .rodata.gpio_cfg_tmr4
                0x1004d3d4        0xc C:/MaximSDK/Libraries/PeriphDrivers/bin/MAX78000/spi-v1_softfp/libPeriphDriver_spi-v1_softfp.a(pins_ai85.o)
                0x1004d3d4                gpio_cfg_tmr4
 .rodata.gpio_cfg_tmr5
                0x1004d3e0        0xc C:/MaximSDK/Libraries/PeriphDrivers/bin/MAX78000/spi-v1_softfp/libPeriphDriver_spi-v1_softfp.a(pins_ai85.o)
                0x1004d3e0                gpio_cfg_tmr5
 .rodata.gpio_cfg_uart0
                0x1004d3ec        0xc C:/MaximSDK/Libraries/PeriphDrivers/bin/MAX78000/spi-v1_softfp/libPeriphDriver_spi-v1_softfp.a(pins_ai85.o)
                0x1004d3ec                gpio_cfg_uart0
 .rodata.gpio_cfg_uart1
                0x1004d3f8        0xc C:/MaximSDK/Libraries/PeriphDrivers/bin/MAX78000/spi-v1_softfp/libPeriphDriver_spi-v1_softfp.a(pins_ai85.o)
                0x1004d3f8                gpio_cfg_uart1
 .rodata.gpio_cfg_uart2
                0x1004d404        0xc C:/MaximSDK/Libraries/PeriphDrivers/bin/MAX78000/spi-v1_softfp/libPeriphDriver_spi-v1_softfp.a(pins_ai85.o)
                0x1004d404                gpio_cfg_uart2
 .rodata.gpio_cfg_uart3
                0x1004d410        0xc C:/MaximSDK/Libraries/PeriphDrivers/bin/MAX78000/spi-v1_softfp/libPeriphDriver_spi-v1_softfp.a(pins_ai85.o)
                0x1004d410                gpio_cfg_uart3
 .rodata.MXC_TMR_Init.str1.4
                0x1004d41c       0x50 C:/MaximSDK/Libraries/PeriphDrivers/bin/MAX78000/spi-v1_softfp/libPeriphDriver_spi-v1_softfp.a(tmr_ai85.o)
 .rodata.MXC_TMR_RevB_SetClockSourceFreq.str1.4
                0x1004d46c       0x43 C:/MaximSDK/Libraries/PeriphDrivers/bin/MAX78000/spi-v1_softfp/libPeriphDriver_spi-v1_softfp.a(tmr_revb.o)
                                 0x50 (size before relaxing)
 *fill*         0x1004d4af        0x1 
 .rodata.MXC_UART_RevB_Init.str1.4
                0x1004d4b0       0x77 C:/MaximSDK/Libraries/PeriphDrivers/bin/MAX78000/spi-v1_softfp/libPeriphDriver_spi-v1_softfp.a(uart_revb.o)
 *fill*         0x1004d527        0x1 
 .rodata.MXC_UART_RevB_SetClockSource.str1.4
                0x1004d528       0x27 C:/MaximSDK/Libraries/PeriphDrivers/bin/MAX78000/spi-v1_softfp/libPeriphDriver_spi-v1_softfp.a(uart_revb.o)
 *fill*         0x1004d54f        0x1 
 .rodata.MXC_GPIO_Common_Handler.str1.4
                0x1004d550       0x66 C:/MaximSDK/Libraries/PeriphDrivers/bin/MAX78000/spi-v1_softfp/libPeriphDriver_spi-v1_softfp.a(gpio_common.o)
 *fill*         0x1004d5b6        0x2 
 .rodata._global_impure_ptr
                0x1004d5b8        0x4 c:/maximsdk/tools/gnutools/10.3/bin/../lib/gcc/arm-none-eabi/10.3.1/../../../../arm-none-eabi/lib/thumb/v7e-m+fp/softfp\libc.a(lib_a-impure.o)
                0x1004d5b8                _global_impure_ptr
 .rodata._vfprintf_r.str1.4
                0x1004d5bc       0x42 c:/maximsdk/tools/gnutools/10.3/bin/../lib/gcc/arm-none-eabi/10.3.1/../../../../arm-none-eabi/lib/thumb/v7e-m+fp/softfp\libc.a(lib_a-vfprintf.o)
 *fill*         0x1004d5fe        0x2 
 .rodata.blanks.1
                0x1004d600       0x10 c:/maximsdk/tools/gnutools/10.3/bin/../lib/gcc/arm-none-eabi/10.3.1/../../../../arm-none-eabi/lib/thumb/v7e-m+fp/softfp\libc.a(lib_a-vfprintf.o)
 .rodata.zeroes.0
                0x1004d610       0x10 c:/maximsdk/tools/gnutools/10.3/bin/../lib/gcc/arm-none-eabi/10.3.1/../../../../arm-none-eabi/lib/thumb/v7e-m+fp/softfp\libc.a(lib_a-vfprintf.o)
 .rodata._dtoa_r.str1.4
                0x1004d620       0xa2 c:/maximsdk/tools/gnutools/10.3/bin/../lib/gcc/arm-none-eabi/10.3.1/../../../../arm-none-eabi/lib/thumb/v7e-m+fp/softfp\libc.a(lib_a-dtoa.o)
                                 0xa6 (size before relaxing)
 *fill*         0x1004d6c2        0x2 
 .rodata.__multadd.str1.4
                0x1004d6c4       0x7f c:/maximsdk/tools/gnutools/10.3/bin/../lib/gcc/arm-none-eabi/10.3.1/../../../../arm-none-eabi/lib/thumb/v7e-m+fp/softfp\libc.a(lib_a-mprec.o)
                                 0x93 (size before relaxing)
 *fill*         0x1004d743        0x5 
 .rodata.__mprec_bigtens
                0x1004d748       0x28 c:/maximsdk/tools/gnutools/10.3/bin/../lib/gcc/arm-none-eabi/10.3.1/../../../../arm-none-eabi/lib/thumb/v7e-m+fp/softfp\libc.a(lib_a-mprec.o)
                0x1004d748                __mprec_bigtens
 .rodata.__mprec_tens
                0x1004d770       0xc8 c:/maximsdk/tools/gnutools/10.3/bin/../lib/gcc/arm-none-eabi/10.3.1/../../../../arm-none-eabi/lib/thumb/v7e-m+fp/softfp\libc.a(lib_a-mprec.o)
                0x1004d770                __mprec_tens
 .rodata.p05.0  0x1004d838        0xc c:/maximsdk/tools/gnutools/10.3/bin/../lib/gcc/arm-none-eabi/10.3.1/../../../../arm-none-eabi/lib/thumb/v7e-m+fp/softfp\libc.a(lib_a-mprec.o)
 .rodata._vfiprintf_r.str1.4
                0x1004d844       0x2f c:/maximsdk/tools/gnutools/10.3/bin/../lib/gcc/arm-none-eabi/10.3.1/../../../../arm-none-eabi/lib/thumb/v7e-m+fp/softfp\libc.a(lib_a-vfiprintf.o)
 .rodata.blanks.1
                0x1004d844       0x10 c:/maximsdk/tools/gnutools/10.3/bin/../lib/gcc/arm-none-eabi/10.3.1/../../../../arm-none-eabi/lib/thumb/v7e-m+fp/softfp\libc.a(lib_a-vfiprintf.o)
 .rodata.zeroes.0
                0x1004d854       0x10 c:/maximsdk/tools/gnutools/10.3/bin/../lib/gcc/arm-none-eabi/10.3.1/../../../../arm-none-eabi/lib/thumb/v7e-m+fp/softfp\libc.a(lib_a-vfiprintf.o)
 .rodata.__assert_func.str1.4
                0x1004d864       0x3f c:/maximsdk/tools/gnutools/10.3/bin/../lib/gcc/arm-none-eabi/10.3.1/../../../../arm-none-eabi/lib/thumb/v7e-m+fp/softfp\libc.a(lib_a-assert.o)
                                 0x43 (size before relaxing)
 *fill*         0x1004d8a3        0x1 
 .rodata._setlocale_r.str1.4
                0x1004d8a4        0xa c:/maximsdk/tools/gnutools/10.3/bin/../lib/gcc/arm-none-eabi/10.3.1/../../../../arm-none-eabi/lib/thumb/v7e-m+fp/softfp\libc.a(lib_a-locale.o)
                                  0xd (size before relaxing)
 *fill*         0x1004d8ae        0x2 
 .rodata.str1.4
                0x1004d8b0        0x2 c:/maximsdk/tools/gnutools/10.3/bin/../lib/gcc/arm-none-eabi/10.3.1/../../../../arm-none-eabi/lib/thumb/v7e-m+fp/softfp\libc.a(lib_a-locale.o)
 *fill*         0x1004d8b2        0x2 
 .rodata._ctype_
                0x1004d8b4      0x101 c:/maximsdk/tools/gnutools/10.3/bin/../lib/gcc/arm-none-eabi/10.3.1/../../../../arm-none-eabi/lib/thumb/v7e-m+fp/softfp\libc.a(lib_a-ctype_.o)
                0x1004d8b4                _ctype_
 *(.init)
 *fill*         0x1004d9b5        0x3 
 .init          0x1004d9b8        0x4 c:/maximsdk/tools/gnutools/10.3/bin/../lib/gcc/arm-none-eabi/10.3.1/thumb/v7e-m+fp/softfp/crti.o
                0x1004d9b8                _init
 .init          0x1004d9bc        0x8 c:/maximsdk/tools/gnutools/10.3/bin/../lib/gcc/arm-none-eabi/10.3.1/thumb/v7e-m+fp/softfp/crtn.o
 *(.fini)
 .fini          0x1004d9c4        0x4 c:/maximsdk/tools/gnutools/10.3/bin/../lib/gcc/arm-none-eabi/10.3.1/thumb/v7e-m+fp/softfp/crti.o
                0x1004d9c4                _fini
 .fini          0x1004d9c8        0x8 c:/maximsdk/tools/gnutools/10.3/bin/../lib/gcc/arm-none-eabi/10.3.1/thumb/v7e-m+fp/softfp/crtn.o
 *crtbegin.o(.ctors)
 *crtbegin?.o(.ctors)
 *(EXCLUDE_FILE(*crtend.o *crtend?.o) .ctors)
 *(SORT_BY_NAME(.ctors.*))
 *(.ctors)
 *crtbegin.o(.dtors)
 *crtbegin?.o(.dtors)
 *(EXCLUDE_FILE(*crtend.o *crtend?.o) .dtors)
 *(SORT_BY_NAME(.dtors.*))
 *(.dtors)
 *(.eh_frame*)
 .eh_frame      0x1004d9d0        0x0 c:/maximsdk/tools/gnutools/10.3/bin/../lib/gcc/arm-none-eabi/10.3.1/thumb/v7e-m+fp/softfp/crtbegin.o
 .eh_frame      0x1004d9d0        0x4 c:/maximsdk/tools/gnutools/10.3/bin/../lib/gcc/arm-none-eabi/10.3.1/thumb/v7e-m+fp/softfp/crtend.o
                0x1004d9d4                _etext = .

.glue_7         0x1004d9d4        0x0
 .glue_7        0x1004d9d4        0x0 linker stubs

.glue_7t        0x1004d9d4        0x0
 .glue_7t       0x1004d9d4        0x0 linker stubs

.vfp11_veneer   0x1004d9d4        0x0
 .vfp11_veneer  0x1004d9d4        0x0 linker stubs

.v4_bx          0x1004d9d4        0x0
 .v4_bx         0x1004d9d4        0x0 linker stubs

.iplt           0x1004d9d4        0x0
 .iplt          0x1004d9d4        0x0 c:/maximsdk/tools/gnutools/10.3/bin/../lib/gcc/arm-none-eabi/10.3.1/thumb/v7e-m+fp/softfp/crtbegin.o

.ARM.extab
 *(.ARM.extab* .gnu.linkonce.armextab.*)

.bin_storage    0x1004d9d4        0x0
 FILL mask 0xff
                0x1004d9d4                _bin_start_ = .
 *(.bin_storage_img)
                0x1004d9d4                _bin_end_ = .
                0x1004d9d4                . = ALIGN (0x4)

.rom_code       0x00000000        0x0
                0x00000000                . = ALIGN (0x10)
                0x20000000                _sran_code = .
 *(.rom_code_section)
                0x20000000                _esran_code = .

.flash_code     0x1004d9d4        0xc
                0x1004d9e0                . = ALIGN (0x10)
 *fill*         0x1004d9d4        0xc 
                0x20000000                _sran_code = .
 *(.flash_code_section)
                0x20000000                _esran_code = .

.sram_code      0x20000000        0x0
                0x20000000                . = ALIGN (0x10)
                0x20000000                _sran_code = .
 *(.sram_code_section)
                0x20000000                _esran_code = .

.ARM.exidx      0x1004d9e0        0x8
                0x1004d9e0                __exidx_start = .
 *(.ARM.exidx* .gnu.linkonce.armexidx.*)
 .ARM.exidx     0x1004d9e0        0x8 c:/maximsdk/tools/gnutools/10.3/bin/../lib/gcc/arm-none-eabi/10.3.1/thumb/v7e-m+fp/softfp\libgcc.a(_udivmoddi4.o)
                0x1004d9e8                __exidx_end = .

.rel.dyn        0x1004d9e8        0x0
 .rel.iplt      0x1004d9e8        0x0 c:/maximsdk/tools/gnutools/10.3/bin/../lib/gcc/arm-none-eabi/10.3.1/thumb/v7e-m+fp/softfp/crtbegin.o

.data           0x20000000     0xcc84 load address 0x1004d9e8
                0x20000000                _data = ALIGN (., 0x4)
 *(vtable)
 *(.data*)
 .data.array29  0x20000000     0x3098 c:/Users/student1/eclipse-workspace/tut2017_final_jupyter/build/main.o
                0x20000000                array29
 .data.array30  0x20003098     0x3098 c:/Users/student1/eclipse-workspace/tut2017_final_jupyter/build/main.o
                0x20003098                array30
 .data.array31  0x20006130     0x3098 c:/Users/student1/eclipse-workspace/tut2017_final_jupyter/build/main.o
                0x20006130                array31
 .data.array32  0x200091c8     0x3098 c:/Users/student1/eclipse-workspace/tut2017_final_jupyter/build/main.o
                0x200091c8                array32
 .data.ConsoleUart
                0x2000c260        0x4 c:/Users/student1/eclipse-workspace/tut2017_final_jupyter/build/board.o
                0x2000c260                ConsoleUart
 .data.overflows
                0x2000c264        0x4 C:/MaximSDK/Libraries/PeriphDrivers/bin/MAX78000/spi-v1_softfp/libPeriphDriver_spi-v1_softfp.a(mxc_delay.o)
 .data.states   0x2000c268       0x60 C:/MaximSDK/Libraries/PeriphDrivers/bin/MAX78000/spi-v1_softfp/libPeriphDriver_spi-v1_softfp.a(uart_revb.o)
 .data._impure_ptr
                0x2000c2c8        0x4 c:/maximsdk/tools/gnutools/10.3/bin/../lib/gcc/arm-none-eabi/10.3.1/../../../../arm-none-eabi/lib/thumb/v7e-m+fp/softfp\libc.a(lib_a-impure.o)
                0x2000c2c8                _impure_ptr
 *fill*         0x2000c2cc        0x4 
 .data.impure_data
                0x2000c2d0      0x428 c:/maximsdk/tools/gnutools/10.3/bin/../lib/gcc/arm-none-eabi/10.3.1/../../../../arm-none-eabi/lib/thumb/v7e-m+fp/softfp\libc.a(lib_a-impure.o)
 .data.__malloc_av_
                0x2000c6f8      0x408 c:/maximsdk/tools/gnutools/10.3/bin/../lib/gcc/arm-none-eabi/10.3.1/../../../../arm-none-eabi/lib/thumb/v7e-m+fp/softfp\libc.a(lib_a-mallocr.o)
                0x2000c6f8                __malloc_av_
 .data.__malloc_sbrk_base
                0x2000cb00        0x4 c:/maximsdk/tools/gnutools/10.3/bin/../lib/gcc/arm-none-eabi/10.3.1/../../../../arm-none-eabi/lib/thumb/v7e-m+fp/softfp\libc.a(lib_a-mallocr.o)
                0x2000cb00                __malloc_sbrk_base
 .data.__malloc_trim_threshold
                0x2000cb04        0x4 c:/maximsdk/tools/gnutools/10.3/bin/../lib/gcc/arm-none-eabi/10.3.1/../../../../arm-none-eabi/lib/thumb/v7e-m+fp/softfp\libc.a(lib_a-mallocr.o)
                0x2000cb04                __malloc_trim_threshold
 .data.__atexit_recursive_mutex
                0x2000cb08        0x4 c:/maximsdk/tools/gnutools/10.3/bin/../lib/gcc/arm-none-eabi/10.3.1/../../../../arm-none-eabi/lib/thumb/v7e-m+fp/softfp\libc.a(lib_a-__call_atexit.o)
                0x2000cb08                __atexit_recursive_mutex
 .data.__global_locale
                0x2000cb0c      0x16c c:/maximsdk/tools/gnutools/10.3/bin/../lib/gcc/arm-none-eabi/10.3.1/../../../../arm-none-eabi/lib/thumb/v7e-m+fp/softfp\libc.a(lib_a-locale.o)
                0x2000cb0c                __global_locale
 *(.flashprog*)
                0x2000cc78                . = ALIGN (0x4)
                0x2000cc78                PROVIDE (__preinit_array_start = .)
 *(.preinit_array)
                0x2000cc78                PROVIDE (__preinit_array_end = .)
                0x2000cc78                . = ALIGN (0x4)
                0x2000cc78                PROVIDE (__init_array_start = .)
 *(SORT_BY_NAME(.init_array.*))
 .init_array.00000
                0x2000cc78        0x4 c:/maximsdk/tools/gnutools/10.3/bin/../lib/gcc/arm-none-eabi/10.3.1/../../../../arm-none-eabi/lib/thumb/v7e-m+fp/softfp\libc.a(lib_a-__call_atexit.o)
 *(.init_array)
 .init_array    0x2000cc7c        0x4 c:/maximsdk/tools/gnutools/10.3/bin/../lib/gcc/arm-none-eabi/10.3.1/thumb/v7e-m+fp/softfp/crtbegin.o
                0x2000cc80                PROVIDE (__init_array_end = .)
                0x2000cc80                . = ALIGN (0x4)
                0x2000cc80                PROVIDE (__fini_array_start = .)
 *(SORT_BY_NAME(.fini_array.*))
 *(.fini_array)
 .fini_array    0x2000cc80        0x4 c:/maximsdk/tools/gnutools/10.3/bin/../lib/gcc/arm-none-eabi/10.3.1/thumb/v7e-m+fp/softfp/crtbegin.o
                0x2000cc84                PROVIDE (__fini_array_end = .)
                0x2000cc84                _edata = ALIGN (., 0x4)
                0x1004d9e8                __load_data = LOADADDR (.data)

.igot.plt       0x2000cc84        0x0 load address 0x1005a66c
 .igot.plt      0x2000cc84        0x0 c:/maximsdk/tools/gnutools/10.3/bin/../lib/gcc/arm-none-eabi/10.3.1/thumb/v7e-m+fp/softfp/crtbegin.o

.bss            0x2000ce00     0x9a68 load address 0x1005a66c
                0x2000ce00                . = ALIGN (0x4)
                0x2000ce00                _bss = .
 *(.bss*)
 .bss           0x2000ce00       0x1c c:/maximsdk/tools/gnutools/10.3/bin/../lib/gcc/arm-none-eabi/10.3.1/thumb/v7e-m+fp/softfp/crtbegin.o
 .bss.cnn_time  0x2000ce1c        0x4 c:/Users/student1/eclipse-workspace/tut2017_final_jupyter/build/main.o
                0x2000ce1c                cnn_time
 .bss.input_0   0x2000ce20      0x4dc c:/Users/student1/eclipse-workspace/tut2017_final_jupyter/build/main.o
 .bss.input_12  0x2000d2fc      0x4dc c:/Users/student1/eclipse-workspace/tut2017_final_jupyter/build/main.o
 .bss.input_16  0x2000d7d8      0x4dc c:/Users/student1/eclipse-workspace/tut2017_final_jupyter/build/main.o
 .bss.input_20  0x2000dcb4      0x4dc c:/Users/student1/eclipse-workspace/tut2017_final_jupyter/build/main.o
 .bss.input_24  0x2000e190      0x4dc c:/Users/student1/eclipse-workspace/tut2017_final_jupyter/build/main.o
 .bss.input_28  0x2000e66c      0x4dc c:/Users/student1/eclipse-workspace/tut2017_final_jupyter/build/main.o
 .bss.input_32  0x2000eb48      0x4dc c:/Users/student1/eclipse-workspace/tut2017_final_jupyter/build/main.o
 .bss.input_36  0x2000f024      0x4dc c:/Users/student1/eclipse-workspace/tut2017_final_jupyter/build/main.o
 .bss.input_4   0x2000f500      0x4dc c:/Users/student1/eclipse-workspace/tut2017_final_jupyter/build/main.o
 .bss.input_8   0x2000f9dc      0x4dc c:/Users/student1/eclipse-workspace/tut2017_final_jupyter/build/main.o
 .bss.input_array
                0x2000feb8     0x3098 c:/Users/student1/eclipse-workspace/tut2017_final_jupyter/build/main.o
                0x2000feb8                input_array
 .bss.mfcc_q32  0x20012f50     0x3098 c:/Users/student1/eclipse-workspace/tut2017_final_jupyter/build/main.o
                0x20012f50                mfcc_q32
 .bss.ml_data   0x20015fe8       0x1c c:/Users/student1/eclipse-workspace/tut2017_final_jupyter/build/main.o
 .bss.ml_softmax
                0x20016004        0xe c:/Users/student1/eclipse-workspace/tut2017_final_jupyter/build/main.o
 *fill*         0x20016012        0x2 
 .bss.g_pb_polarity
                0x20016014        0x4 c:/Users/student1/eclipse-workspace/tut2017_final_jupyter/build/pb.o
 .bss.blen_pin  0x20016018        0xc c:/Users/student1/eclipse-workspace/tut2017_final_jupyter/build/tft_ssd2119.o
 .bss.g_spi_gpio
                0x20016024        0xc c:/Users/student1/eclipse-workspace/tut2017_final_jupyter/build/tft_ssd2119.o
 .bss.reset_pin
                0x20016030        0xc c:/Users/student1/eclipse-workspace/tut2017_final_jupyter/build/tft_ssd2119.o
 .bss.spi       0x2001603c        0x4 c:/Users/student1/eclipse-workspace/tut2017_final_jupyter/build/tft_ssd2119.o
 .bss.ssel      0x20016040        0x4 c:/Users/student1/eclipse-workspace/tut2017_final_jupyter/build/tft_ssd2119.o
 .bss.tft_spi_freq
                0x20016044        0x4 c:/Users/student1/eclipse-workspace/tut2017_final_jupyter/build/tft_ssd2119.o
 .bss.busy_gpio
                0x20016048        0xc c:/Users/student1/eclipse-workspace/tut2017_final_jupyter/build/tsc2046.o
 .bss.int_gpio  0x20016054        0xc c:/Users/student1/eclipse-workspace/tut2017_final_jupyter/build/tsc2046.o
 .bss.heap_end  0x20016060        0x4 c:/Users/student1/eclipse-workspace/tut2017_final_jupyter/build/heap.o
 .bss.cbFunc    0x20016064        0x4 C:/MaximSDK/Libraries/PeriphDrivers/bin/MAX78000/spi-v1_softfp/libPeriphDriver_spi-v1_softfp.a(mxc_delay.o)
 .bss.ctrl_save
                0x20016068        0x4 C:/MaximSDK/Libraries/PeriphDrivers/bin/MAX78000/spi-v1_softfp/libPeriphDriver_spi-v1_softfp.a(mxc_delay.o)
 .bss.endtick   0x2001606c        0x4 C:/MaximSDK/Libraries/PeriphDrivers/bin/MAX78000/spi-v1_softfp/libPeriphDriver_spi-v1_softfp.a(mxc_delay.o)
 *fill*         0x20016070      0x190 
 .bss.ramVectorTable
                0x20016200      0x1e0 C:/MaximSDK/Libraries/PeriphDrivers/bin/MAX78000/spi-v1_softfp/libPeriphDriver_spi-v1_softfp.a(nvic_table.o)
 .bss.g_is_clock_locked
                0x200163e0        0x6 C:/MaximSDK/Libraries/PeriphDrivers/bin/MAX78000/spi-v1_softfp/libPeriphDriver_spi-v1_softfp.a(tmr_revb.o)
 *fill*         0x200163e6        0x2 
 .bss.tmr_clksrc
                0x200163e8       0x30 C:/MaximSDK/Libraries/PeriphDrivers/bin/MAX78000/spi-v1_softfp/libPeriphDriver_spi-v1_softfp.a(tmr_revb.o)
 .bss.g_is_clock_locked
                0x20016418        0x4 C:/MaximSDK/Libraries/PeriphDrivers/bin/MAX78000/spi-v1_softfp/libPeriphDriver_spi-v1_softfp.a(uart_revb.o)
 .bss.callback  0x2001641c      0x200 C:/MaximSDK/Libraries/PeriphDrivers/bin/MAX78000/spi-v1_softfp/libPeriphDriver_spi-v1_softfp.a(gpio_common.o)
 .bss.cbparam   0x2001661c      0x200 C:/MaximSDK/Libraries/PeriphDrivers/bin/MAX78000/spi-v1_softfp/libPeriphDriver_spi-v1_softfp.a(gpio_common.o)
 .bss.cfg_lock  0x2001681c        0x1 C:/MaximSDK/Libraries/PeriphDrivers/bin/MAX78000/spi-v1_softfp/libPeriphDriver_spi-v1_softfp.a(gpio_common.o)
 .bss.initialized
                0x2001681d        0x1 C:/MaximSDK/Libraries/PeriphDrivers/bin/MAX78000/spi-v1_softfp/libPeriphDriver_spi-v1_softfp.a(gpio_common.o)
 *fill*         0x2001681e        0x2 
 .bss.__malloc_current_mallinfo
                0x20016820       0x28 c:/maximsdk/tools/gnutools/10.3/bin/../lib/gcc/arm-none-eabi/10.3.1/../../../../arm-none-eabi/lib/thumb/v7e-m+fp/softfp\libc.a(lib_a-mallocr.o)
                0x20016820                __malloc_current_mallinfo
 .bss.__malloc_max_sbrked_mem
                0x20016848        0x4 c:/maximsdk/tools/gnutools/10.3/bin/../lib/gcc/arm-none-eabi/10.3.1/../../../../arm-none-eabi/lib/thumb/v7e-m+fp/softfp\libc.a(lib_a-mallocr.o)
                0x20016848                __malloc_max_sbrked_mem
 .bss.__malloc_max_total_mem
                0x2001684c        0x4 c:/maximsdk/tools/gnutools/10.3/bin/../lib/gcc/arm-none-eabi/10.3.1/../../../../arm-none-eabi/lib/thumb/v7e-m+fp/softfp\libc.a(lib_a-mallocr.o)
                0x2001684c                __malloc_max_total_mem
 .bss.__malloc_top_pad
                0x20016850        0x4 c:/maximsdk/tools/gnutools/10.3/bin/../lib/gcc/arm-none-eabi/10.3.1/../../../../arm-none-eabi/lib/thumb/v7e-m+fp/softfp\libc.a(lib_a-mallocr.o)
                0x20016850                __malloc_top_pad
 .bss.__lock___atexit_recursive_mutex
                0x20016854        0x1 c:/maximsdk/tools/gnutools/10.3/bin/../lib/gcc/arm-none-eabi/10.3.1/../../../../arm-none-eabi/lib/thumb/v7e-m+fp/softfp\libc.a(lib_a-lock.o)
                0x20016854                __lock___atexit_recursive_mutex
 *fill*         0x20016855        0x3 
 .bss.__lock___malloc_recursive_mutex
                0x20016858        0x1 c:/maximsdk/tools/gnutools/10.3/bin/../lib/gcc/arm-none-eabi/10.3.1/../../../../arm-none-eabi/lib/thumb/v7e-m+fp/softfp\libc.a(lib_a-lock.o)
                0x20016858                __lock___malloc_recursive_mutex
 *fill*         0x20016859        0x3 
 .bss.__lock___sfp_recursive_mutex
                0x2001685c        0x1 c:/maximsdk/tools/gnutools/10.3/bin/../lib/gcc/arm-none-eabi/10.3.1/../../../../arm-none-eabi/lib/thumb/v7e-m+fp/softfp\libc.a(lib_a-lock.o)
                0x2001685c                __lock___sfp_recursive_mutex
 *fill*         0x2001685d        0x3 
 .bss.__lock___sinit_recursive_mutex
                0x20016860        0x1 c:/maximsdk/tools/gnutools/10.3/bin/../lib/gcc/arm-none-eabi/10.3.1/../../../../arm-none-eabi/lib/thumb/v7e-m+fp/softfp\libc.a(lib_a-lock.o)
                0x20016860                __lock___sinit_recursive_mutex
 *fill*         0x20016861        0x3 
 .bss.errno     0x20016864        0x4 c:/maximsdk/tools/gnutools/10.3/bin/../lib/gcc/arm-none-eabi/10.3.1/../../../../arm-none-eabi/lib/thumb/v7e-m+fp/softfp\libc.a(lib_a-reent.o)
                0x20016864                errno
 *(COMMON)
                0x20016868                _ebss = ALIGN (., 0x4)

.shared         0x20016868        0x4 load address 0x1005a66c
                0x20016868                . = ALIGN (0x4)
                0x20016868                _shared = .
 *(.mailbox*)
                0x20016868                . = ALIGN (0x4)
 *(.shared*)
 .shared        0x20016868        0x4 c:/Users/student1/eclipse-workspace/tut2017_final_jupyter/build/system_max78000.o
                0x20016868                SystemCoreClock
                0x2001686c                _eshared = ALIGN (., 0x4)
                0x1005a66c                __shared_data = LOADADDR (.shared)
                0x20020000                __StackTop = (ORIGIN (SRAM) + LENGTH (SRAM))
                0x2001f000                __StackLimit = (__StackTop - SIZEOF (.stack_dummy))

.stack_dummy    0x20016870     0x1000 load address 0x1005a670
 *(.stack*)
 .stack         0x20016870     0x1000 c:/Users/student1/eclipse-workspace/tut2017_final_jupyter/build/startup_max78000.o

.heap           0x20016870      0xc00 load address 0x1005a670
                0x20016870                . = ALIGN (0x4)
 *(.heap*)
 .heap          0x20016870      0xc00 c:/Users/student1/eclipse-workspace/tut2017_final_jupyter/build/startup_max78000.o
                0x20016870                __HeapBase
                0x2001f000                __HeapLimit = ABSOLUTE (__StackLimit)
                0x20020000                PROVIDE (__stack = __StackTop)
                0x00000001                ASSERT ((__StackLimit >= _ebss), region RAM overflowed with stack)

.riscv_flash    0x1005a670      0x190
                0x1005a700                . = ALIGN (0x100)
 *fill*         0x1005a670       0x90 
                0x1005a800                . = (. + 0x100)
 *fill*         0x1005a700      0x100 
                0x1005a800                _riscv_boot = .
 *riscv.o(.text*)
OUTPUT(c:/Users/student1/eclipse-workspace/tut2017_final_jupyter/build/tut2017_final_jupyter.elf elf32-littlearm)
LOAD linker stubs

.ARM.attributes
                0x00000000       0x2e
 .ARM.attributes
                0x00000000       0x1e c:/maximsdk/tools/gnutools/10.3/bin/../lib/gcc/arm-none-eabi/10.3.1/thumb/v7e-m+fp/softfp/crti.o
 .ARM.attributes
                0x0000001e       0x32 c:/maximsdk/tools/gnutools/10.3/bin/../lib/gcc/arm-none-eabi/10.3.1/thumb/v7e-m+fp/softfp/crtbegin.o
 .ARM.attributes
                0x00000050       0x32 c:/Users/student1/eclipse-workspace/tut2017_final_jupyter/build/cnn.o
 .ARM.attributes
                0x00000082       0x32 c:/Users/student1/eclipse-workspace/tut2017_final_jupyter/build/main.o
 .ARM.attributes
                0x000000b4       0x32 c:/Users/student1/eclipse-workspace/tut2017_final_jupyter/build/softmax.o
 .ARM.attributes
                0x000000e6       0x32 c:/Users/student1/eclipse-workspace/tut2017_final_jupyter/build/board.o
 .ARM.attributes
                0x00000118       0x32 c:/Users/student1/eclipse-workspace/tut2017_final_jupyter/build/stdio.o
 .ARM.attributes
                0x0000014a       0x32 c:/Users/student1/eclipse-workspace/tut2017_final_jupyter/build/led.o
 .ARM.attributes
                0x0000017c       0x32 c:/Users/student1/eclipse-workspace/tut2017_final_jupyter/build/pb.o
 .ARM.attributes
                0x000001ae       0x32 c:/Users/student1/eclipse-workspace/tut2017_final_jupyter/build/tft_ssd2119.o
 .ARM.attributes
                0x000001e0       0x32 c:/Users/student1/eclipse-workspace/tut2017_final_jupyter/build/tsc2046.o
 .ARM.attributes
                0x00000212       0x1b c:/Users/student1/eclipse-workspace/tut2017_final_jupyter/build/startup_max78000.o
 .ARM.attributes
                0x0000022d       0x32 c:/Users/student1/eclipse-workspace/tut2017_final_jupyter/build/heap.o
 .ARM.attributes
                0x0000025f       0x32 c:/Users/student1/eclipse-workspace/tut2017_final_jupyter/build/system_max78000.o
 .ARM.attributes
                0x00000291       0x32 C:/MaximSDK/Libraries/PeriphDrivers/bin/MAX78000/spi-v1_softfp/libPeriphDriver_spi-v1_softfp.a(mxc_delay.o)
 .ARM.attributes
                0x000002c3       0x32 C:/MaximSDK/Libraries/PeriphDrivers/bin/MAX78000/spi-v1_softfp/libPeriphDriver_spi-v1_softfp.a(nvic_table.o)
 .ARM.attributes
                0x000002f5       0x32 C:/MaximSDK/Libraries/PeriphDrivers/bin/MAX78000/spi-v1_softfp/libPeriphDriver_spi-v1_softfp.a(pins_ai85.o)
 .ARM.attributes
                0x00000327       0x32 C:/MaximSDK/Libraries/PeriphDrivers/bin/MAX78000/spi-v1_softfp/libPeriphDriver_spi-v1_softfp.a(sys_ai85.o)
 .ARM.attributes
                0x00000359       0x32 C:/MaximSDK/Libraries/PeriphDrivers/bin/MAX78000/spi-v1_softfp/libPeriphDriver_spi-v1_softfp.a(gpio_ai85.o)
 .ARM.attributes
                0x0000038b       0x32 C:/MaximSDK/Libraries/PeriphDrivers/bin/MAX78000/spi-v1_softfp/libPeriphDriver_spi-v1_softfp.a(gpio_reva.o)
 .ARM.attributes
                0x000003bd       0x32 C:/MaximSDK/Libraries/PeriphDrivers/bin/MAX78000/spi-v1_softfp/libPeriphDriver_spi-v1_softfp.a(icc_me17.o)
 .ARM.attributes
                0x000003ef       0x32 C:/MaximSDK/Libraries/PeriphDrivers/bin/MAX78000/spi-v1_softfp/libPeriphDriver_spi-v1_softfp.a(icc_reva.o)
 .ARM.attributes
                0x00000421       0x32 C:/MaximSDK/Libraries/PeriphDrivers/bin/MAX78000/spi-v1_softfp/libPeriphDriver_spi-v1_softfp.a(lp_ai85.o)
 .ARM.attributes
                0x00000453       0x32 C:/MaximSDK/Libraries/PeriphDrivers/bin/MAX78000/spi-v1_softfp/libPeriphDriver_spi-v1_softfp.a(tmr_ai85.o)
 .ARM.attributes
                0x00000485       0x32 C:/MaximSDK/Libraries/PeriphDrivers/bin/MAX78000/spi-v1_softfp/libPeriphDriver_spi-v1_softfp.a(tmr_revb.o)
 .ARM.attributes
                0x000004b7       0x32 C:/MaximSDK/Libraries/PeriphDrivers/bin/MAX78000/spi-v1_softfp/libPeriphDriver_spi-v1_softfp.a(uart_ai85.o)
 .ARM.attributes
                0x000004e9       0x32 C:/MaximSDK/Libraries/PeriphDrivers/bin/MAX78000/spi-v1_softfp/libPeriphDriver_spi-v1_softfp.a(uart_common.o)
 .ARM.attributes
                0x0000051b       0x32 C:/MaximSDK/Libraries/PeriphDrivers/bin/MAX78000/spi-v1_softfp/libPeriphDriver_spi-v1_softfp.a(uart_revb.o)
 .ARM.attributes
                0x0000054d       0x32 C:/MaximSDK/Libraries/PeriphDrivers/bin/MAX78000/spi-v1_softfp/libPeriphDriver_spi-v1_softfp.a(gpio_common.o)
 .ARM.attributes
                0x0000057f       0x32 C:/MaximSDK/Libraries/PeriphDrivers/bin/MAX78000/spi-v1_softfp/libPeriphDriver_spi-v1_softfp.a(tmr_common.o)
 .ARM.attributes
                0x000005b1       0x32 c:/maximsdk/tools/gnutools/10.3/bin/../lib/gcc/arm-none-eabi/10.3.1/../../../../arm-none-eabi/lib/thumb/v7e-m+fp/softfp\libc.a(lib_a-errno.o)
 .ARM.attributes
                0x000005e3       0x32 c:/maximsdk/tools/gnutools/10.3/bin/../lib/gcc/arm-none-eabi/10.3.1/../../../../arm-none-eabi/lib/thumb/v7e-m+fp/softfp\libc.a(lib_a-impure.o)
 .ARM.attributes